tcmove=20
tcmove=20
tcmove=30


1w


1w Ra1 Rb1 Rc1 Rd1 Re1 Rf1 Rg1 Rh1 Cc2 Cf2 Da2 Dh2 Hb2 Hg2 Md2 Ee2
1b
tcmove=30
tcmove=300
tcmove=60
tcmove=60


1w
tcmove=60
tcmove=60
tcmove=60
tcmove=60


1w Ra1 Rb1 Rc1 Rd1 Re1 Rf1 Rg1 Rh1 Cc2 Cf2 Da2 Dh2 Hb2 Hg2 Md2 Ee2
1b ra8 rb8 rc8 rd8 re8 rf8 rg8 rh8 ha7 db7 cc7 md7 ee7 cf7 dg7 hh7
2w Ee2n Ee3n Ee4n Ee5n
2b


1w Ra1 Rb1 Rc1 Rd1 Re1 Rf1 Rg1 Rh1 Cc2 Cf2 Da2 Dh2 Hb2 Hg2 Md2 Ee2
1b ra8 rb8 rc8 rd8 re8 rf8 rg8 rh8 ha7 db7 cc7 md7 ee7 cf7 dg7 hh7
2w Ee2n Ee3n Ee4n Ee5n
2b


1w Ra1 Rb1 Rc1 Rd1 Re1 Rf1 Rg1 Rh1 Cc2 Cf2 Da2 Dh2 Hb2 Hg2 Md2 Ee2
1b ra8 rb8 rc8 rd8 re8 rf8 rg8 rh8 ha7 db7 cc7 md7 ee7 cf7 dg7 hh7
2w ra8 rb8 rc8 rd8 re8 rf8 rg8 rh8 ha7 db7 cc7 md7 ee7 cf7 dg7 hh7


1w Ra1 Rb1 Rc1 Rd1 Re1 Rf1 Rg1 Rh1 Cc2 Cf2 Da2 Dh2 Hb2 Hg2 Md2 Ee2
1b ra8 rb8 rc8 rd8 re8 rf8 rg8 rh8 ha7 db7 cc7 md7 ee7 cf7 dg7 hh7
2w ra8 rb8 rc8 rd8 re8 rf8 rg8 rh8 ha7 db7 cc7 md7 ee7 cf7 dg7 hh7


1w Ra1 Rb1 Rc1 Rd1 Re1 Rf1 Rg1 Rh1 Cc2 Cf2 Da2 Dh2 Hb2 Hg2 Md2 Ee2
1b ra8 rb8 rc8 rd8 re8 rf8 rg8 rh8 ha7 db7 cc7 md7 ee7 cf7 dg7 hh7
2w Ee2n Ee3n Ee4n Ee5n
2b


1w Ra1 Rb1 Rc1 Rd1 Re1 Rf1 Rg1 Rh1 Cc2 Cf2 Da2 Dh2 Hb2 Hg2 Md2 Ee2
1b ra8 rb8 rc8 rd8 re8 rf8 rg8 rh8 ha7 db7 cc7 md7 ee7 cf7 dg7 hh7
2w Ee2n Ee3n Ee4n Ee5n
2b md7s ee7w md6s ed7s
3w Ee6s md5s Ee5w Hb2n
3b


1w Ra1 Rb1 Rc1 Rd1 Re1 Rf1 Rg1 Rh1 Cc2 Cf2 Da2 Dh2 Hb2 Hg2 Md2 Ee2
1b ra8 rb8 rc8 rd8 re8 rf8 rg8 rh8 ha7 db7 cc7 md7 ee7 cf7 dg7 hh7
2w Ee2n Ee3n Ee4n Ee5n
2b md7s ee7w md6s ed7s
3w Ee6s md5s Ee5w Hb2n
3b ed6e re8s ee6s ee5s
4w md4w Ed5s mc4s Ed4w
4b


1w Ra1 Rb1 Rc1 Rd1 Re1 Rf1 Rg1 Rh1 Cc2 Cf2 Da2 Dh2 Hb2 Hg2 Md2 Ee2
1b ra8 rb8 rc8 rd8 re8 rf8 rg8 rh8 ha7 db7 cc7 md7 ee7 cf7 dg7 hh7
2w Ee2n Ee3n Ee4n Ee5n
2b md7s ee7w md6s ed7s
3w Ee6s md5s Ee5w Hb2n
3b ed6e re8s ee6s ee5s
4w md4w Ed5s mc4s Ed4w
4b ee4s ee3s Cf2n Cf3x ee2e
5w Ec4e Ed4e Ee4s Hb3n
5b


1w Ra1 Rb1 Rc1 Rd1 Re1 Rf1 Rg1 Rh1 Cc2 Cf2 Da2 Dh2 Hb2 Hg2 Md2 Ee2
1b ra8 rb8 rc8 rd8 re8 rf8 rg8 rh8 ha7 db7 cc7 md7 ee7 cf7 dg7 hh7
2w Ee2n Ee3n Ee4n Ee5n
2b md7s ee7w md6s ed7s
3w Ee6s md5s Ee5w Hb2n
3b ed6e re8s ee6s ee5s
4w md4w Ed5s mc4s Ed4w
4b ee4s ee3s Cf2n Cf3x ee2e
5w Ec4e Ed4e Ee4s Hb3n
5b Hg2n ef2e Hg3w eg2n
6w Hf3s Ee3w Md2e Ed3e
6b


1w Ra1 Rb1 Rc1 Rd1 Re1 Rf1 Rg1 Rh1 Cc2 Cf2 Da2 Dh2 Hb2 Hg2 Md2 Ee2
1b ra8 rb8 rc8 rd8 re8 rf8 rg8 rh8 ha7 db7 cc7 md7 ee7 cf7 dg7 hh7
2w Ee2n Ee3n Ee4n Ee5n
2b md7s ee7w md6s ed7s
3w Ee6s md5s Ee5w Hb2n
3b ed6e re8s ee6s ee5s
4w md4w Ed5s mc4s Ed4w
4b ee4s ee3s Cf2n Cf3x ee2e
5w Ec4e Ed4e Ee4s Hb3n
5b Hg2n ef2e Hg3w eg2n
6w Hf3s Ee3w Md2e Ed3e
6b eg3n re7w eg4w ef4w
7w Hb4w Da2e Ha4n Ha5n
7b


1w Ra1 Rb1 Rc1 Rd1 Re1 Rf1 Rg1 Rh1 Cc2 Cf2 Da2 Dh2 Hb2 Hg2 Md2 Ee2
1b ra8 rb8 rc8 rd8 re8 rf8 rg8 rh8 ha7 db7 cc7 md7 ee7 cf7 dg7 hh7
2w Ee2n Ee3n Ee4n Ee5n
2b md7s ee7w md6s ed7s
3w Ee6s md5s Ee5w Hb2n
3b ed6e re8s ee6s ee5s
4w md4w Ed5s mc4s Ed4w
4b ee4s ee3s Cf2n Cf3x ee2e
5w Ec4e Ed4e Ee4s Hb3n
5b Hg2n ef2e Hg3w eg2n
6w Hf3s Ee3w Md2e Ed3e
6b eg3n re7w eg4w ef4w
7w Hb4w Da2e Ha4n Ha5n
7b ee4w rd7s rd6s rf8w
8w Dh2w Dg2n Db2n
8b


1w Ra1 Rb1 Rc1 Rd1 Re1 Rf1 Rg1 Rh1 Cc2 Cf2 Da2 Dh2 Hb2 Hg2 Md2 Ee2
1b ra8 rb8 rc8 rd8 re8 rf8 rg8 rh8 ha7 db7 cc7 md7 ee7 cf7 dg7 hh7
2w Ee2n Ee3n Ee4n Ee5n
2b md7s ee7w md6s ed7s
3w Ee6s md5s Ee5w Hb2n
3b ed6e re8s ee6s ee5s
4w md4w Ed5s mc4s Ed4w
4b ee4s ee3s Cf2n Cf3x ee2e
5w Ec4e Ed4e Ee4s Hb3n
5b Hg2n ef2e Hg3w eg2n
6w Hf3s Ee3w Md2e Ed3e
6b eg3n re7w eg4w ef4w
7w Hb4w Da2e Ha4n Ha5n
7b ee4w rd7s rd6s rf8w
8w Dh2w Dg2n Db2n
8b re8s rd5e re5s re7w
9w Ee3w re4s re3e Me2n
9b


1w Ra1 Rb1 Rc1 Rd1 Re1 Rf1 Rg1 Rh1 Cc2 Cf2 Da2 Dh2 Hb2 Hg2 Md2 Ee2
1b ra8 rb8 rc8 rd8 re8 rf8 rg8 rh8 ha7 db7 cc7 md7 ee7 cf7 dg7 hh7
2w Ee2n Ee3n Ee4n Ee5n
2b md7s ee7w md6s ed7s
3w Ee6s md5s Ee5w Hb2n
3b ed6e re8s ee6s ee5s
4w md4w Ed5s mc4s Ed4w
4b ee4s ee3s Cf2n Cf3x ee2e
5w Ec4e Ed4e Ee4s Hb3n
5b Hg2n ef2e Hg3w eg2n
6w Hf3s Ee3w Md2e Ed3e
6b eg3n re7w eg4w ef4w
7w Hb4w Da2e Ha4n Ha5n
7b ee4w rd7s rd6s rf8w
8w Dh2w Dg2n Db2n
8b re8s rd5e re5s re7w
9w Ee3w re4s re3e Me2n
9b ed4e Me3e ee4s ee3n
10w Ed3n Ed4n Ed5n Ha6e
10b


1w Ra1 Rb1 Rc1 Rd1 Re1 Rf1 Rg1 Rh1 Cc2 Cf2 Da2 Dh2 Hb2 Hg2 Md2 Ee2
1b ra8 rb8 rc8 rd8 re8 rf8 rg8 rh8 ha7 db7 cc7 md7 ee7 cf7 dg7 hh7
2w Ee2n Ee3n Ee4n Ee5n
2b md7s ee7w md6s ed7s
3w Ee6s md5s Ee5w Hb2n
3b ed6e re8s ee6s ee5s
4w md4w Ed5s mc4s Ed4w
4b ee4s ee3s Cf2n Cf3x ee2e
5w Ec4e Ed4e Ee4s Hb3n
5b Hg2n ef2e Hg3w eg2n
6w Hf3s Ee3w Md2e Ed3e
6b eg3n re7w eg4w ef4w
7w Hb4w Da2e Ha4n Ha5n
7b ee4w rd7s rd6s rf8w
8w Dh2w Dg2n Db2n
8b re8s rd5e re5s re7w
9w Ee3w re4s re3e Me2n
9b ed4e Me3e ee4s ee3n
10w Ed3n Ed4n Ed5n Ha6e
10b cf7w ce7s rd7e ee4n
11w ce6e Ed6e Ee6w re7s
11b


1w Ra1 Rb1 Rc1 Rd1 Re1 Rf1 Rg1 Rh1 Cc2 Cf2 Da2 Dh2 Hb2 Hg2 Md2 Ee2
1b ra8 rb8 rc8 rd8 re8 rf8 rg8 rh8 ha7 db7 cc7 md7 ee7 cf7 dg7 hh7
2w Ee2n Ee3n Ee4n Ee5n
2b md7s ee7w md6s ed7s
3w Ee6s md5s Ee5w Hb2n
3b ed6e re8s ee6s ee5s
4w md4w Ed5s mc4s Ed4w
4b ee4s ee3s Cf2n Cf3x ee2e
5w Ec4e Ed4e Ee4s Hb3n
5b Hg2n ef2e Hg3w eg2n
6w Hf3s Ee3w Md2e Ed3e
6b eg3n re7w eg4w ef4w
7w Hb4w Da2e Ha4n Ha5n
7b ee4w rd7s rd6s rf8w
8w Dh2w Dg2n Db2n
8b re8s rd5e re5s re7w
9w Ee3w re4s re3e Me2n
9b ed4e Me3e ee4s ee3n
10w Ed3n Ed4n Ed5n Ha6e
10b cf7w ce7s rd7e ee4n
11w ce6e Ed6e Ee6w re7s
11b cc7e rg8w rh8w rf8s
12w Hb6s db7s db6e Hb5n
12b


1w Ra1 Rb1 Rc1 Rd1 Re1 Rf1 Rg1 Rh1 Cc2 Cf2 Da2 Dh2 Hb2 Hg2 Md2 Ee2
1b ra8 rb8 rc8 rd8 re8 rf8 rg8 rh8 ha7 db7 cc7 md7 ee7 cf7 dg7 hh7
2w Ee2n Ee3n Ee4n Ee5n
2b md7s ee7w md6s ed7s
3w Ee6s md5s Ee5w Hb2n
3b ed6e re8s ee6s ee5s
4w md4w Ed5s mc4s Ed4w
4b ee4s ee3s Cf2n Cf3x ee2e
5w Ec4e Ed4e Ee4s Hb3n
5b Hg2n ef2e Hg3w eg2n
6w Hf3s Ee3w Md2e Ed3e
6b eg3n re7w eg4w ef4w
7w Hb4w Da2e Ha4n Ha5n
7b ee4w rd7s rd6s rf8w
8w Dh2w Dg2n Db2n
8b re8s rd5e re5s re7w
9w Ee3w re4s re3e Me2n
9b ed4e Me3e ee4s ee3n
10w Ed3n Ed4n Ed5n Ha6e
10b cf7w ce7s rd7e ee4n
11w ce6e Ed6e Ee6w re7s
11b cc7e rg8w rh8w rf8s
12w Hb6s db7s db6e Hb5n
12b dg7s re6e rf6s rf7e
13w Ed6e cd7s cd6w Ee6w
13b


1w Ra1 Rb1 Rc1 Rd1 Re1 Rf1 Rg1 Rh1 Cc2 Cf2 Da2 Dh2 Hb2 Hg2 Md2 Ee2
1b ra8 rb8 rc8 rd8 re8 rf8 rg8 rh8 ha7 db7 cc7 md7 ee7 cf7 dg7 hh7
2w Ee2n Ee3n Ee4n Ee5n
2b md7s ee7w md6s ed7s
3w Ee6s md5s Ee5w Hb2n
3b ed6e re8s ee6s ee5s
4w md4w Ed5s mc4s Ed4w
4b ee4s ee3s Cf2n Cf3x ee2e
5w Ec4e Ed4e Ee4s Hb3n
5b Hg2n ef2e Hg3w eg2n
6w Hf3s Ee3w Md2e Ed3e
6b eg3n re7w eg4w ef4w
7w Hb4w Da2e Ha4n Ha5n
7b ee4w rd7s rd6s rf8w
8w Dh2w Dg2n Db2n
8b re8s rd5e re5s re7w
9w Ee3w re4s re3e Me2n
9b ed4e Me3e ee4s ee3n
10w Ed3n Ed4n Ed5n Ha6e
10b cf7w ce7s rd7e ee4n
11w ce6e Ed6e Ee6w re7s
11b cc7e rg8w rh8w rf8s
12w Hb6s db7s db6e Hb5n
12b dg7s re6e rf6s rf7e
13w Ed6e cd7s cd6w Ee6w
13b rg8e rf5s rh8w ee5s
14w Dg3n Mf3e rf4s Dg4e
14b


1w Ra1 Rb1 Rc1 Rd1 Re1 Rf1 Rg1 Rh1 Cc2 Cf2 Da2 Dh2 Hb2 Hg2 Md2 Ee2
1b ra8 rb8 rc8 rd8 re8 rf8 rg8 rh8 ha7 db7 cc7 md7 ee7 cf7 dg7 hh7
2w Ee2n Ee3n Ee4n Ee5n
2b md7s ee7w md6s ed7s
3w Ee6s md5s Ee5w Hb2n
3b ed6e re8s ee6s ee5s
4w md4w Ed5s mc4s Ed4w
4b ee4s ee3s Cf2n Cf3x ee2e
5w Ec4e Ed4e Ee4s Hb3n
5b Hg2n ef2e Hg3w eg2n
6w Hf3s Ee3w Md2e Ed3e
6b eg3n re7w eg4w ef4w
7w Hb4w Da2e Ha4n Ha5n
7b ee4w rd7s rd6s rf8w
8w Dh2w Dg2n Db2n
8b re8s rd5e re5s re7w
9w Ee3w re4s re3e Me2n
9b ed4e Me3e ee4s ee3n
10w Ed3n Ed4n Ed5n Ha6e
10b cf7w ce7s rd7e ee4n
11w ce6e Ed6e Ee6w re7s
11b cc7e rg8w rh8w rf8s
12w Hb6s db7s db6e Hb5n
12b dg7s re6e rf6s rf7e
13w Ed6e cd7s cd6w Ee6w
13b rg8e rf5s rh8w ee5s
14w Dg3n Mf3e rf4s Dg4e
14b ee4n rg8e dg6s dg5w
15w Mg3n Mg4w Mf4s df5s
15b


1w Ra1 Rb1 Rc1 Rd1 Re1 Rf1 Rg1 Rh1 Cc2 Cf2 Da2 Dh2 Hb2 Hg2 Md2 Ee2
1b ra8 rb8 rc8 rd8 re8 rf8 rg8 rh8 ha7 db7 cc7 md7 ee7 cf7 dg7 hh7
2w Ee2n Ee3n Ee4n Ee5n
2b md7s ee7w md6s ed7s
3w Ee6s md5s Ee5w Hb2n
3b ed6e re8s ee6s ee5s
4w md4w Ed5s mc4s Ed4w
4b ee4s ee3s Cf2n Cf3x ee2e
5w Ec4e Ed4e Ee4s Hb3n
5b Hg2n ef2e Hg3w eg2n
6w Hf3s Ee3w Md2e Ed3e
6b eg3n re7w eg4w ef4w
7w Hb4w Da2e Ha4n Ha5n
7b ee4w rd7s rd6s rf8w
8w Dh2w Dg2n Db2n
8b re8s rd5e re5s re7w
9w Ee3w re4s re3e Me2n
9b ed4e Me3e ee4s ee3n
10w Ed3n Ed4n Ed5n Ha6e
10b cf7w ce7s rd7e ee4n
11w ce6e Ed6e Ee6w re7s
11b cc7e rg8w rh8w rf8s
12w Hb6s db7s db6e Hb5n
12b dg7s re6e rf6s rf7e
13w Ed6e cd7s cd6w Ee6w
13b rg8e rf5s rh8w ee5s
14w Dg3n Mf3e rf4s Dg4e
14b ee4n rg8e dg6s dg5w
15w Mg3n Mg4w Mf4s df5s
15b rh8w rg7s rg8s ee5s
16w Mf3w df4s Dh4w Dg4s
16b


1w Ra1 Rb1 Rc1 Rd1 Re1 Rf1 Rg1 Rh1 Cc2 Cf2 Da2 Dh2 Hb2 Hg2 Md2 Ee2
1b ra8 rb8 rc8 rd8 re8 rf8 rg8 rh8 ha7 db7 cc7 md7 ee7 cf7 dg7 hh7
2w Ee2n Ee3n Ee4n Ee5n
2b md7s ee7w md6s ed7s
3w Ee6s md5s Ee5w Hb2n
3b ed6e re8s ee6s ee5s
4w md4w Ed5s mc4s Ed4w
4b ee4s ee3s Cf2n Cf3x ee2e
5w Ec4e Ed4e Ee4s Hb3n
5b Hg2n ef2e Hg3w eg2n
6w Hf3s Ee3w Md2e Ed3e
6b eg3n re7w eg4w ef4w
7w Hb4w Da2e Ha4n Ha5n
7b ee4w rd7s rd6s rf8w
8w Dh2w Dg2n Db2n
8b re8s rd5e re5s re7w
9w Ee3w re4s re3e Me2n
9b ed4e Me3e ee4s ee3n
10w Ed3n Ed4n Ed5n Ha6e
10b cf7w ce7s rd7e ee4n
11w ce6e Ed6e Ee6w re7s
11b cc7e rg8w rh8w rf8s
12w Hb6s db7s db6e Hb5n
12b dg7s re6e rf6s rf7e
13w Ed6e cd7s cd6w Ee6w
13b rg8e rf5s rh8w ee5s
14w Dg3n Mf3e rf4s Dg4e
14b ee4n rg8e dg6s dg5w
15w Mg3n Mg4w Mf4s df5s
15b rh8w rg7s rg8s ee5s
16w Mf3w df4s Dh4w Dg4s
16b Me3e ee4s rg6e ee3n
17w Hb6n Hb7s rb8s Rd1n
17b


1w Ra1 Rb1 Rc1 Rd1 Re1 Rf1 Rg1 Rh1 Cc2 Cf2 Da2 Dh2 Hb2 Hg2 Md2 Ee2
1b ra8 rb8 rc8 rd8 re8 rf8 rg8 rh8 ha7 db7 cc7 md7 ee7 cf7 dg7 hh7
2w Ee2n Ee3n Ee4n Ee5n
2b md7s ee7w md6s ed7s
3w Ee6s md5s Ee5w Hb2n
3b ed6e re8s ee6s ee5s
4w md4w Ed5s mc4s Ed4w
4b ee4s ee3s Cf2n Cf3x ee2e
5w Ec4e Ed4e Ee4s Hb3n
5b Hg2n ef2e Hg3w eg2n
6w Hf3s Ee3w Md2e Ed3e
6b eg3n re7w eg4w ef4w
7w Hb4w Da2e Ha4n Ha5n
7b ee4w rd7s rd6s rf8w
8w Dh2w Dg2n Db2n
8b re8s rd5e re5s re7w
9w Ee3w re4s re3e Me2n
9b ed4e Me3e ee4s ee3n
10w Ed3n Ed4n Ed5n Ha6e
10b cf7w ce7s rd7e ee4n
11w ce6e Ed6e Ee6w re7s
11b cc7e rg8w rh8w rf8s
12w Hb6s db7s db6e Hb5n
12b dg7s re6e rf6s rf7e
13w Ed6e cd7s cd6w Ee6w
13b rg8e rf5s rh8w ee5s
14w Dg3n Mf3e rf4s Dg4e
14b ee4n rg8e dg6s dg5w
15w Mg3n Mg4w Mf4s df5s
15b rh8w rg7s rg8s ee5s
16w Mf3w df4s Dh4w Dg4s
16b Me3e ee4s rg6e ee3n
17w Hb6n Hb7s rb8s Rd1n
17b rh6w rg6s rg5w rf5s
18w Hb6s rb7s rb6e Hb5n
18b


1w Ra1 Rb1 Rc1 Rd1 Re1 Rf1 Rg1 Rh1 Cc2 Cf2 Da2 Dh2 Hb2 Hg2 Md2 Ee2
1b ra8 rb8 rc8 rd8 re8 rf8 rg8 rh8 ha7 db7 cc7 md7 ee7 cf7 dg7 hh7
2w Ee2n Ee3n Ee4n Ee5n
2b md7s ee7w md6s ed7s
3w Ee6s md5s Ee5w Hb2n
3b ed6e re8s ee6s ee5s
4w md4w Ed5s mc4s Ed4w
4b ee4s ee3s Cf2n Cf3x ee2e
5w Ec4e Ed4e Ee4s Hb3n
5b Hg2n ef2e Hg3w eg2n
6w Hf3s Ee3w Md2e Ed3e
6b eg3n re7w eg4w ef4w
7w Hb4w Da2e Ha4n Ha5n
7b ee4w rd7s rd6s rf8w
8w Dh2w Dg2n Db2n
8b re8s rd5e re5s re7w
9w Ee3w re4s re3e Me2n
9b ed4e Me3e ee4s ee3n
10w Ed3n Ed4n Ed5n Ha6e
10b cf7w ce7s rd7e ee4n
11w ce6e Ed6e Ee6w re7s
11b cc7e rg8w rh8w rf8s
12w Hb6s db7s db6e Hb5n
12b dg7s re6e rf6s rf7e
13w Ed6e cd7s cd6w Ee6w
13b rg8e rf5s rh8w ee5s
14w Dg3n Mf3e rf4s Dg4e
14b ee4n rg8e dg6s dg5w
15w Mg3n Mg4w Mf4s df5s
15b rh8w rg7s rg8s ee5s
16w Mf3w df4s Dh4w Dg4s
16b Me3e ee4s rg6e ee3n
17w Hb6n Hb7s rb8s Rd1n
17b rh6w rg6s rg5w rf5s
18w Hb6s rb7s rb6e Hb5n
18b rc8w rg7s rg6e rd8w
19w Mf3w rf4s Rd2e
19b


1w Ra1 Rb1 Rc1 Rd1 Re1 Rf1 Rg1 Rh1 Cc2 Cf2 Da2 Dh2 Hb2 Hg2 Md2 Ee2
1b ra8 rb8 rc8 rd8 re8 rf8 rg8 rh8 ha7 db7 cc7 md7 ee7 cf7 dg7 hh7
2w Ee2n Ee3n Ee4n Ee5n
2b md7s ee7w md6s ed7s
3w Ee6s md5s Ee5w Hb2n
3b ed6e re8s ee6s ee5s
4w md4w Ed5s mc4s Ed4w
4b ee4s ee3s Cf2n Cf3x ee2e
5w Ec4e Ed4e Ee4s Hb3n
5b Hg2n ef2e Hg3w eg2n
6w Hf3s Ee3w Md2e Ed3e
6b eg3n re7w eg4w ef4w
7w Hb4w Da2e Ha4n Ha5n
7b ee4w rd7s rd6s rf8w
8w Dh2w Dg2n Db2n
8b re8s rd5e re5s re7w
9w Ee3w re4s re3e Me2n
9b ed4e Me3e ee4s ee3n
10w Ed3n Ed4n Ed5n Ha6e
10b cf7w ce7s rd7e ee4n
11w ce6e Ed6e Ee6w re7s
11b cc7e rg8w rh8w rf8s
12w Hb6s db7s db6e Hb5n
12b dg7s re6e rf6s rf7e
13w Ed6e cd7s cd6w Ee6w
13b rg8e rf5s rh8w ee5s
14w Dg3n Mf3e rf4s Dg4e
14b ee4n rg8e dg6s dg5w
15w Mg3n Mg4w Mf4s df5s
15b rh8w rg7s rg8s ee5s
16w Mf3w df4s Dh4w Dg4s
16b Me3e ee4s rg6e ee3n
17w Hb6n Hb7s rb8s Rd1n
17b rh6w rg6s rg5w rf5s
18w Hb6s rb7s rb6e Hb5n
18b rc8w rg7s rg6e rd8w
19w Mf3w rf4s Rd2e
19b Me3e ee4s ee3n Re2n
20w Ed6e Ra1n Ra2n Ra3n
20b


1w Ra1 Rb1 Rc1 Rd1 Re1 Rf1 Rg1 Rh1 Cc2 Cf2 Da2 Dh2 Hb2 Hg2 Md2 Ee2
1b ra8 rb8 rc8 rd8 re8 rf8 rg8 rh8 ha7 db7 cc7 md7 ee7 cf7 dg7 hh7
2w Ee2n Ee3n Ee4n Ee5n
2b md7s ee7w md6s ed7s
3w Ee6s md5s Ee5w Hb2n
3b ed6e re8s ee6s ee5s
4w md4w Ed5s mc4s Ed4w
4b ee4s ee3s Cf2n Cf3x ee2e
5w Ec4e Ed4e Ee4s Hb3n
5b Hg2n ef2e Hg3w eg2n
6w Hf3s Ee3w Md2e Ed3e
6b eg3n re7w eg4w ef4w
7w Hb4w Da2e Ha4n Ha5n
7b ee4w rd7s rd6s rf8w
8w Dh2w Dg2n Db2n
8b re8s rd5e re5s re7w
9w Ee3w re4s re3e Me2n
9b ed4e Me3e ee4s ee3n
10w Ed3n Ed4n Ed5n Ha6e
10b cf7w ce7s rd7e ee4n
11w ce6e Ed6e Ee6w re7s
11b cc7e rg8w rh8w rf8s
12w Hb6s db7s db6e Hb5n
12b dg7s re6e rf6s rf7e
13w Ed6e cd7s cd6w Ee6w
13b rg8e rf5s rh8w ee5s
14w Dg3n Mf3e rf4s Dg4e
14b ee4n rg8e dg6s dg5w
15w Mg3n Mg4w Mf4s df5s
15b rh8w rg7s rg8s ee5s
16w Mf3w df4s Dh4w Dg4s
16b Me3e ee4s rg6e ee3n
17w Hb6n Hb7s rb8s Rd1n
17b rh6w rg6s rg5w rf5s
18w Hb6s rb7s rb6e Hb5n
18b rc8w rg7s rg6e rd8w
19w Mf3w rf4s Rd2e
19b Me3e ee4s ee3n Re2n
20w Ed6e Ra1n Ra2n Ra3n
20b ee4w Re3n ed4n Re4w
21w Ra4n Ra5n Hb6n Hb7e
21b


1w Ra1 Rb1 Rc1 Rd1 Re1 Rf1 Rg1 Rh1 Cc2 Cf2 Da2 Dh2 Hb2 Hg2 Md2 Ee2
1b ra8 rb8 rc8 rd8 re8 rf8 rg8 rh8 ha7 db7 cc7 md7 ee7 cf7 dg7 hh7
2w Ee2n Ee3n Ee4n Ee5n
2b md7s ee7w md6s ed7s
3w Ee6s md5s Ee5w Hb2n
3b ed6e re8s ee6s ee5s
4w md4w Ed5s mc4s Ed4w
4b ee4s ee3s Cf2n Cf3x ee2e
5w Ec4e Ed4e Ee4s Hb3n
5b Hg2n ef2e Hg3w eg2n
6w Hf3s Ee3w Md2e Ed3e
6b eg3n re7w eg4w ef4w
7w Hb4w Da2e Ha4n Ha5n
7b ee4w rd7s rd6s rf8w
8w Dh2w Dg2n Db2n
8b re8s rd5e re5s re7w
9w Ee3w re4s re3e Me2n
9b ed4e Me3e ee4s ee3n
10w Ed3n Ed4n Ed5n Ha6e
10b cf7w ce7s rd7e ee4n
11w ce6e Ed6e Ee6w re7s
11b cc7e rg8w rh8w rf8s
12w Hb6s db7s db6e Hb5n
12b dg7s re6e rf6s rf7e
13w Ed6e cd7s cd6w Ee6w
13b rg8e rf5s rh8w ee5s
14w Dg3n Mf3e rf4s Dg4e
14b ee4n rg8e dg6s dg5w
15w Mg3n Mg4w Mf4s df5s
15b rh8w rg7s rg8s ee5s
16w Mf3w df4s Dh4w Dg4s
16b Me3e ee4s rg6e ee3n
17w Hb6n Hb7s rb8s Rd1n
17b rh6w rg6s rg5w rf5s
18w Hb6s rb7s rb6e Hb5n
18b rc8w rg7s rg6e rd8w
19w Mf3w rf4s Rd2e
19b Me3e ee4s ee3n Re2n
20w Ed6e Ra1n Ra2n Ra3n
20b ee4w Re3n ed4n Re4w
21w Ra4n Ra5n Hb6n Hb7e
21b ed5n ed6n Hc7s Hc6x ed7w
22w Ee6w Rd4e Re4n Re5n
22b


1w Ra1 Rb1 Rc1 Rd1 Re1 Rf1 Rg1 Rh1 Cc2 Cf2 Da2 Dh2 Hb2 Hg2 Md2 Ee2
1b ra8 rb8 rc8 rd8 re8 rf8 rg8 rh8 ha7 db7 cc7 md7 ee7 cf7 dg7 hh7
2w Ee2n Ee3n Ee4n Ee5n
2b md7s ee7w md6s ed7s
3w Ee6s md5s Ee5w Hb2n
3b ed6e re8s ee6s ee5s
4w md4w Ed5s mc4s Ed4w
4b ee4s ee3s Cf2n Cf3x ee2e
5w Ec4e Ed4e Ee4s Hb3n
5b Hg2n ef2e Hg3w eg2n
6w Hf3s Ee3w Md2e Ed3e
6b eg3n re7w eg4w ef4w
7w Hb4w Da2e Ha4n Ha5n
7b ee4w rd7s rd6s rf8w
8w Dh2w Dg2n Db2n
8b re8s rd5e re5s re7w
9w Ee3w re4s re3e Me2n
9b ed4e Me3e ee4s ee3n
10w Ed3n Ed4n Ed5n Ha6e
10b cf7w ce7s rd7e ee4n
11w ce6e Ed6e Ee6w re7s
11b cc7e rg8w rh8w rf8s
12w Hb6s db7s db6e Hb5n
12b dg7s re6e rf6s rf7e
13w Ed6e cd7s cd6w Ee6w
13b rg8e rf5s rh8w ee5s
14w Dg3n Mf3e rf4s Dg4e
14b ee4n rg8e dg6s dg5w
15w Mg3n Mg4w Mf4s df5s
15b rh8w rg7s rg8s ee5s
16w Mf3w df4s Dh4w Dg4s
16b Me3e ee4s rg6e ee3n
17w Hb6n Hb7s rb8s Rd1n
17b rh6w rg6s rg5w rf5s
18w Hb6s rb7s rb6e Hb5n
18b rc8w rg7s rg6e rd8w
19w Mf3w rf4s Rd2e
19b Me3e ee4s ee3n Re2n
20w Ed6e Ra1n Ra2n Ra3n
20b ee4w Re3n ed4n Re4w
21w Ra4n Ra5n Hb6n Hb7e
21b ed5n ed6n Hc7s Hc6x ed7w
22w Ee6w Rd4e Re4n Re5n
22b ec7e ed7e Re6e Rf6x ee7s
23w Ed6s Ed5w Ec5w Eb5n
23b


1w Ra1 Rb1 Rc1 Rd1 Re1 Rf1 Rg1 Rh1 Cc2 Cf2 Da2 Dh2 Hb2 Hg2 Md2 Ee2
1b ra8 rb8 rc8 rd8 re8 rf8 rg8 rh8 ha7 db7 cc7 md7 ee7 cf7 dg7 hh7
2w Ee2n Ee3n Ee4n Ee5n
2b md7s ee7w md6s ed7s
3w Ee6s md5s Ee5w Hb2n
3b ed6e re8s ee6s ee5s
4w md4w Ed5s mc4s Ed4w
4b ee4s ee3s Cf2n Cf3x ee2e
5w Ec4e Ed4e Ee4s Hb3n
5b Hg2n ef2e Hg3w eg2n
6w Hf3s Ee3w Md2e Ed3e
6b eg3n re7w eg4w ef4w
7w Hb4w Da2e Ha4n Ha5n
7b ee4w rd7s rd6s rf8w
8w Dh2w Dg2n Db2n
8b re8s rd5e re5s re7w
9w Ee3w re4s re3e Me2n
9b ed4e Me3e ee4s ee3n
10w Ed3n Ed4n Ed5n Ha6e
10b cf7w ce7s rd7e ee4n
11w ce6e Ed6e Ee6w re7s
11b cc7e rg8w rh8w rf8s
12w Hb6s db7s db6e Hb5n
12b dg7s re6e rf6s rf7e
13w Ed6e cd7s cd6w Ee6w
13b rg8e rf5s rh8w ee5s
14w Dg3n Mf3e rf4s Dg4e
14b ee4n rg8e dg6s dg5w
15w Mg3n Mg4w Mf4s df5s
15b rh8w rg7s rg8s ee5s
16w Mf3w df4s Dh4w Dg4s
16b Me3e ee4s rg6e ee3n
17w Hb6n Hb7s rb8s Rd1n
17b rh6w rg6s rg5w rf5s
18w Hb6s rb7s rb6e Hb5n
18b rc8w rg7s rg6e rd8w
19w Mf3w rf4s Rd2e
19b Me3e ee4s ee3n Re2n
20w Ed6e Ra1n Ra2n Ra3n
20b ee4w Re3n ed4n Re4w
21w Ra4n Ra5n Hb6n Hb7e
21b ed5n ed6n Hc7s Hc6x ed7w
22w Ee6w Rd4e Re4n Re5n
22b ec7e ed7e Re6e Rf6x ee7s
23w Ed6s Ed5w Ec5w Eb5n
23b Ra6s ha7s ra8s ee6s
24w Eb6n ha6e hb6e Eb7s
24b


1w Ra1 Rb1 Rc1 Rd1 Re1 Rf1 Rg1 Rh1 Cc2 Cf2 Da2 Dh2 Hb2 Hg2 Md2 Ee2
1b ra8 rb8 rc8 rd8 re8 rf8 rg8 rh8 ha7 db7 cc7 md7 ee7 cf7 dg7 hh7
2w Ee2n Ee3n Ee4n Ee5n
2b md7s ee7w md6s ed7s
3w Ee6s md5s Ee5w Hb2n
3b ed6e re8s ee6s ee5s
4w md4w Ed5s mc4s Ed4w
4b ee4s ee3s Cf2n Cf3x ee2e
5w Ec4e Ed4e Ee4s Hb3n
5b Hg2n ef2e Hg3w eg2n
6w Hf3s Ee3w Md2e Ed3e
6b eg3n re7w eg4w ef4w
7w Hb4w Da2e Ha4n Ha5n
7b ee4w rd7s rd6s rf8w
8w Dh2w Dg2n Db2n
8b re8s rd5e re5s re7w
9w Ee3w re4s re3e Me2n
9b ed4e Me3e ee4s ee3n
10w Ed3n Ed4n Ed5n Ha6e
10b cf7w ce7s rd7e ee4n
11w ce6e Ed6e Ee6w re7s
11b cc7e rg8w rh8w rf8s
12w Hb6s db7s db6e Hb5n
12b dg7s re6e rf6s rf7e
13w Ed6e cd7s cd6w Ee6w
13b rg8e rf5s rh8w ee5s
14w Dg3n Mf3e rf4s Dg4e
14b ee4n rg8e dg6s dg5w
15w Mg3n Mg4w Mf4s df5s
15b rh8w rg7s rg8s ee5s
16w Mf3w df4s Dh4w Dg4s
16b Me3e ee4s rg6e ee3n
17w Hb6n Hb7s rb8s Rd1n
17b rh6w rg6s rg5w rf5s
18w Hb6s rb7s rb6e Hb5n
18b rc8w rg7s rg6e rd8w
19w Mf3w rf4s Rd2e
19b Me3e ee4s ee3n Re2n
20w Ed6e Ra1n Ra2n Ra3n
20b ee4w Re3n ed4n Re4w
21w Ra4n Ra5n Hb6n Hb7e
21b ed5n ed6n Hc7s Hc6x ed7w
22w Ee6w Rd4e Re4n Re5n
22b ec7e ed7e Re6e Rf6x ee7s
23w Ed6s Ed5w Ec5w Eb5n
23b Ra6s ha7s ra8s ee6s
24w Eb6n ha6e hb6e Eb7s
24b ee5w rh6s ra7e hh7s
25w Eb6w rb7s rb6e Ea6e
25b


1w Ra1 Rb1 Rc1 Rd1 Re1 Rf1 Rg1 Rh1 Ha2 Db2 Cc2 Md2 Ee2 Cf2 Dg2 Hh2
1b ra8 rb8 rc8 rd8 re8 rf8 rg8 rh8 cc7 cf7 da7 dh7 hb7 hg7 me7 ed7
2w


1w Ra1 Rb1 Rc1 Rd1 Re1 Rf1 Rg1 Rh1 Ha2 Db2 Cc2 Md2 Ee2 Cf2 Dg2 Hh2
1b ra8 rb8 rc8 rd8 re8 rf8 rg8 rh8 cc7 cf7 da7 dh7 hb7 hg7 me7 ed7
2w Ee2n Re1n Ee3n Re2n
2b ed7s hb7s ed6s hg7s
3w


1w Ra1 Rb1 Rc1 Rd1 Re1 Rf1 Rg1 Rh1 Ha2 Db2 Cc2 Md2 Ee2 Cf2 Dg2 Hh2
1b ra8 rb8 rc8 rd8 re8 rf8 rg8 rh8 cc7 cf7 da7 dh7 hb7 hg7 me7 ed7
2w Ee2n Re1n Ee3n Re2n
2b ed7s hb7s ed6s hg7s
3w Dg2n Rg1n Rh1w Rf1w
3b ed5s ed4s da7s dh7w
4w


1w Ra1 Rb1 Rc1 Rd1 Re1 Rf1 Rg1 Rh1 Ha2 Db2 Cc2 Md2 Ee2 Cf2 Dg2 Hh2
1b ra8 rb8 rc8 rd8 re8 rf8 rg8 rh8 cc7 cf7 da7 dh7 hb7 hg7 me7 ed7
2w Ee2n Re1n Ee3n Re2n
2b ed7s hb7s ed6s hg7s
3w Dg2n Rg1n Rh1w Rf1w
3b ed5s ed4s da7s dh7w
4w Rg1e Rh1w Rg1e Re1e
4b Md2e ed3s Cc2n ed2w
5w


1w Ra1 Rb1 Rc1 Rd1 Re1 Rf1 Rg1 Rh1 Ha2 Db2 Cc2 Md2 Ee2 Cf2 Dg2 Hh2
1b ra8 rb8 rc8 rd8 re8 rf8 rg8 rh8 cc7 cf7 da7 dh7 hb7 hg7 me7 ed7
2w Ee2n Re1n Ee3n Re2n
2b ed7s hb7s ed6s hg7s
3w Dg2n Rg1n Rh1w Rf1w
3b ed5s ed4s da7s dh7w
4w Rg1e Rh1w Rg1e Re1e
4b Md2e ed3s Cc2n ed2w
5w Rd1e Rh1w Rg1e Rf1e
5b Db2n ec2w Db3e eb2n
6w


1w Ra1 Rb1 Rc1 Rd1 Re1 Rf1 Rg1 Rh1 Ha2 Db2 Cc2 Md2 Ee2 Cf2 Dg2 Hh2
1b ra8 rb8 rc8 rd8 re8 rf8 rg8 rh8 cc7 cf7 da7 dh7 hb7 hg7 me7 ed7
2w Ee2n Re1n Ee3n Re2n
2b ed7s hb7s ed6s hg7s
3w Dg2n Rg1n Rh1w Rf1w
3b ed5s ed4s da7s dh7w
4w Rg1e Rh1w Rg1e Re1e
4b Md2e ed3s Cc2n ed2w
5w Rd1e Rh1w Rg1e Rf1e
5b Db2n ec2w Db3e eb2n
6w Rg1w Rh1w Rg1e Re1w
6b eb3s eb2e Rb1n rd8s
7w


1w Ra1 Rb1 Rc1 Rd1 Re1 Rf1 Rg1 Rh1 Ha2 Db2 Cc2 Md2 Ee2 Cf2 Dg2 Hh2
1b ra8 rb8 rc8 rd8 re8 rf8 rg8 rh8 cc7 cf7 da7 dh7 hb7 hg7 me7 ed7
2w Ee2n Re1n Ee3n Re2n
2b ed7s hb7s ed6s hg7s
3w Dg2n Rg1n Rh1w Rf1w
3b ed5s ed4s da7s dh7w
4w Rg1e Rh1w Rg1e Re1e
4b Md2e ed3s Cc2n ed2w
5w Rd1e Rh1w Rg1e Rf1e
5b Db2n ec2w Db3e eb2n
6w Rg1w Rh1w Rg1e Re1w
6b eb3s eb2e Rb1n rd8s
7w Hh2n Rh1w Rg1e Rh1n
7b ec2e Rc1n Rc2n ed2w
8w


1w Ra1 Rb1 Rc1 Rd1 Re1 Rf1 Rg1 Rh1 Ha2 Db2 Cc2 Md2 Ee2 Cf2 Dg2 Hh2
1b ra8 rb8 rc8 rd8 re8 rf8 rg8 rh8 cc7 cf7 da7 dh7 hb7 hg7 me7 ed7
2w Ee2n Re1n Ee3n Re2n
2b ed7s hb7s ed6s hg7s
3w Dg2n Rg1n Rh1w Rf1w
3b ed5s ed4s da7s dh7w
4w Rg1e Rh1w Rg1e Re1e
4b Md2e ed3s Cc2n ed2w
5w Rd1e Rh1w Rg1e Rf1e
5b Db2n ec2w Db3e eb2n
6w Rg1w Rh1w Rg1e Re1w
6b eb3s eb2e Rb1n rd8s
7w Hh2n Rh1w Rg1e Rh1n
7b ec2e Rc1n Rc2n ed2w
8w Rd1w Rf1e Rg1e Ra1e
8b Rb2n ec2w Rb3e eb2n
9w


1w Ra1 Rb1 Rc1 Rd1 Re1 Rf1 Rg1 Rh1 Ha2 Db2 Cc2 Md2 Ee2 Cf2 Dg2 Hh2
1b ra8 rb8 rc8 rd8 re8 rf8 rg8 rh8 cc7 cf7 da7 dh7 hb7 hg7 me7 ed7
2w Ee2n Re1n Ee3n Re2n
2b ed7s hb7s ed6s hg7s
3w Dg2n Rg1n Rh1w Rf1w
3b ed5s ed4s da7s dh7w
4w Rg1e Rh1w Rg1e Re1e
4b Md2e ed3s Cc2n ed2w
5w Rd1e Rh1w Rg1e Rf1e
5b Db2n ec2w Db3e eb2n
6w Rg1w Rh1w Rg1e Re1w
6b eb3s eb2e Rb1n rd8s
7w Hh2n Rh1w Rg1e Rh1n
7b ec2e Rc1n Rc2n ed2w
8w Rd1w Rf1e Rg1e Ra1e
8b Rb2n ec2w Rb3e eb2n
9w Rh1w Rg1e Rh1w Ha2s
9b eb3s eb2e Rb1n da6s
10w


1w Ra1 Rb1 Rc1 Rd1 Re1 Rf1 Rg1 Rh1 Ha2 Db2 Cc2 Md2 Ee2 Cf2 Dg2 Hh2
1b ra8 rb8 rc8 rd8 re8 rf8 rg8 rh8 cc7 cf7 da7 dh7 hb7 hg7 me7 ed7
2w Ee2n Re1n Ee3n Re2n
2b ed7s hb7s ed6s hg7s
3w Dg2n Rg1n Rh1w Rf1w
3b ed5s ed4s da7s dh7w
4w Rg1e Rh1w Rg1e Re1e
4b Md2e ed3s Cc2n ed2w
5w Rd1e Rh1w Rg1e Rf1e
5b Db2n ec2w Db3e eb2n
6w Rg1w Rh1w Rg1e Re1w
6b eb3s eb2e Rb1n rd8s
7w Hh2n Rh1w Rg1e Rh1n
7b ec2e Rc1n Rc2n ed2w
8w Rd1w Rf1e Rg1e Ra1e
8b Rb2n ec2w Rb3e eb2n
9w Rh1w Rg1e Rh1w Ha2s
9b eb3s eb2e Rb1n da6s
10w Rg1w Rf1e Rg1e Ha1e
10b ec2e Rb2e Rc2n ed2w
11w


1w Ra1 Rb1 Rc1 Rd1 Re1 Rf1 Rg1 Rh1 Ha2 Db2 Cc2 Md2 Ee2 Cf2 Dg2 Hh2
1b ra8 rb8 rc8 rd8 re8 rf8 rg8 rh8 cc7 cf7 da7 dh7 hb7 hg7 me7 ed7
2w Ee2n Re1n Ee3n Re2n
2b ed7s hb7s ed6s hg7s
3w Dg2n Rg1n Rh1w Rf1w
3b ed5s ed4s da7s dh7w
4w Rg1e Rh1w Rg1e Re1e
4b Md2e ed3s Cc2n ed2w
5w Rd1e Rh1w Rg1e Rf1e
5b Db2n ec2w Db3e eb2n
6w Rg1w Rh1w Rg1e Re1w
6b eb3s eb2e Rb1n rd8s
7w Hh2n Rh1w Rg1e Rh1n
7b ec2e Rc1n Rc2n ed2w
8w Rd1w Rf1e Rg1e Ra1e
8b Rb2n ec2w Rb3e eb2n
9w Rh1w Rg1e Rh1w Ha2s
9b eb3s eb2e Rb1n da6s
10w Rg1w Rf1e Rg1e Ha1e
10b ec2e Rb2e Rc2n ed2w
11w Dg3n Rh1w Rg1e Rg2n
11b ec2w Rc1n Rc2n eb2e
12w


1w Ra1 Rb1 Rc1 Rd1 Re1 Rf1 Rg1 Rh1 Ha2 Db2 Cc2 Md2 Ee2 Cf2 Dg2 Hh2
1b ra8 rb8 rc8 rd8 re8 rf8 rg8 rh8 cc7 cf7 da7 dh7 hb7 hg7 me7 ed7
2w Ee2n Re1n Ee3n Re2n
2b ed7s hb7s ed6s hg7s
3w Dg2n Rg1n Rh1w Rf1w
3b ed5s ed4s da7s dh7w
4w Rg1e Rh1w Rg1e Re1e
4b Md2e ed3s Cc2n ed2w
5w Rd1e Rh1w Rg1e Rf1e
5b Db2n ec2w Db3e eb2n
6w Rg1w Rh1w Rg1e Re1w
6b eb3s eb2e Rb1n rd8s
7w Hh2n Rh1w Rg1e Rh1n
7b ec2e Rc1n Rc2n ed2w
8w Rd1w Rf1e Rg1e Ra1e
8b Rb2n ec2w Rb3e eb2n
9w Rh1w Rg1e Rh1w Ha2s
9b eb3s eb2e Rb1n da6s
10w Rg1w Rf1e Rg1e Ha1e
10b ec2e Rb2e Rc2n ed2w
11w Dg3n Rh1w Rg1e Rg2n
11b ec2w Rc1n Rc2n eb2e
12w Me2s Cf2e Hb1e Me1w
12b ec2e Hc1n Hc2n ed2w
13w


1w Ra1 Rb1 Rc1 Rd1 Re1 Rf1 Rg1 Rh1 Ha2 Db2 Cc2 Md2 Ee2 Cf2 Dg2 Hh2
1b ra8 rb8 rc8 rd8 re8 rf8 rg8 rh8 cc7 cf7 da7 dh7 hb7 hg7 me7 ed7
2w Ee2n Re1n Ee3n Re2n
2b ed7s hb7s ed6s hg7s
3w Dg2n Rg1n Rh1w Rf1w
3b ed5s ed4s da7s dh7w
4w Rg1e Rh1w Rg1e Re1e
4b Md2e ed3s Cc2n ed2w
5w Rd1e Rh1w Rg1e Rf1e
5b Db2n ec2w Db3e eb2n
6w Rg1w Rh1w Rg1e Re1w
6b eb3s eb2e Rb1n rd8s
7w Hh2n Rh1w Rg1e Rh1n
7b ec2e Rc1n Rc2n ed2w
8w Rd1w Rf1e Rg1e Ra1e
8b Rb2n ec2w Rb3e eb2n
9w Rh1w Rg1e Rh1w Ha2s
9b eb3s eb2e Rb1n da6s
10w Rg1w Rf1e Rg1e Ha1e
10b ec2e Rb2e Rc2n ed2w
11w Dg3n Rh1w Rg1e Rg2n
11b ec2w Rc1n Rc2n eb2e
12w Me2s Cf2e Hb1e Me1w
12b ec2e Hc1n Hc2n ed2w
13w Md1e Rh1w Rg1e Me1n
13b hb6s rb8s rb7s ra8s
14w


1w Ra1 Rb1 Rc1 Rd1 Re1 Rf1 Rg1 Rh1 Ha2 Db2 Cc2 Md2 Ee2 Cf2 Dg2 Hh2
1b ra8 rb8 rc8 rd8 re8 rf8 rg8 rh8 cc7 cf7 da7 dh7 hb7 hg7 me7 ed7
2w Ee2n Re1n Ee3n Re2n
2b ed7s hb7s ed6s hg7s
3w Dg2n Rg1n Rh1w Rf1w
3b ed5s ed4s da7s dh7w
4w Rg1e Rh1w Rg1e Re1e
4b Md2e ed3s Cc2n ed2w
5w Rd1e Rh1w Rg1e Rf1e
5b Db2n ec2w Db3e eb2n
6w Rg1w Rh1w Rg1e Re1w
6b eb3s eb2e Rb1n rd8s
7w Hh2n Rh1w Rg1e Rh1n
7b ec2e Rc1n Rc2n ed2w
8w Rd1w Rf1e Rg1e Ra1e
8b Rb2n ec2w Rb3e eb2n
9w Rh1w Rg1e Rh1w Ha2s
9b eb3s eb2e Rb1n da6s
10w Rg1w Rf1e Rg1e Ha1e
10b ec2e Rb2e Rc2n ed2w
11w Dg3n Rh1w Rg1e Rg2n
11b ec2w Rc1n Rc2n eb2e
12w Me2s Cf2e Hb1e Me1w
12b ec2e Hc1n Hc2n ed2w
13w Md1e Rh1w Rg1e Me1n
13b hb6s rb8s rb7s ra8s
14w Dg4w Rh1w Rg1e Rg3n
14b ec2e ed2n Me2w da5s
15w


1w Ra1 Rb1 Rc1 Rd1 Re1 Rf1 Rg1 Rh1 Ha2 Db2 Cc2 Md2 Ee2 Cf2 Dg2 Hh2
1b ra8 rb8 rc8 rd8 re8 rf8 rg8 rh8 cc7 cf7 da7 dh7 hb7 hg7 me7 ed7
2w Ee2n Re1n Ee3n Re2n
2b ed7s hb7s ed6s hg7s
3w Dg2n Rg1n Rh1w Rf1w
3b ed5s ed4s da7s dh7w
4w Rg1e Rh1w Rg1e Re1e
4b Md2e ed3s Cc2n ed2w
5w Rd1e Rh1w Rg1e Rf1e
5b Db2n ec2w Db3e eb2n
6w Rg1w Rh1w Rg1e Re1w
6b eb3s eb2e Rb1n rd8s
7w Hh2n Rh1w Rg1e Rh1n
7b ec2e Rc1n Rc2n ed2w
8w Rd1w Rf1e Rg1e Ra1e
8b Rb2n ec2w Rb3e eb2n
9w Rh1w Rg1e Rh1w Ha2s
9b eb3s eb2e Rb1n da6s
10w Rg1w Rf1e Rg1e Ha1e
10b ec2e Rb2e Rc2n ed2w
11w Dg3n Rh1w Rg1e Rg2n
11b ec2w Rc1n Rc2n eb2e
12w Me2s Cf2e Hb1e Me1w
12b ec2e Hc1n Hc2n ed2w
13w Md1e Rh1w Rg1e Me1n
13b hb6s rb8s rb7s ra8s
14w Dg4w Rh1w Rg1e Rg3n
14b ec2e ed2n Me2w da5s
15w Cg2w Rh1w Rg1e Cf2w
15b ed3n Re3w Rd3w ed4s
16w


1w Ra1 Rb1 Rc1 Rd1 Re1 Rf1 Rg1 Rh1 Ha2 Db2 Cc2 Md2 Ee2 Cf2 Dg2 Hh2
1b ra8 rb8 rc8 rd8 re8 rf8 rg8 rh8 cc7 cf7 da7 dh7 hb7 hg7 me7 ed7
2w Ee2n Re1n Ee3n Re2n
2b ed7s hb7s ed6s hg7s
3w Dg2n Rg1n Rh1w Rf1w
3b ed5s ed4s da7s dh7w
4w Rg1e Rh1w Rg1e Re1e
4b Md2e ed3s Cc2n ed2w
5w Rd1e Rh1w Rg1e Rf1e
5b Db2n ec2w Db3e eb2n
6w Rg1w Rh1w Rg1e Re1w
6b eb3s eb2e Rb1n rd8s
7w Hh2n Rh1w Rg1e Rh1n
7b ec2e Rc1n Rc2n ed2w
8w Rd1w Rf1e Rg1e Ra1e
8b Rb2n ec2w Rb3e eb2n
9w Rh1w Rg1e Rh1w Ha2s
9b eb3s eb2e Rb1n da6s
10w Rg1w Rf1e Rg1e Ha1e
10b ec2e Rb2e Rc2n ed2w
11w Dg3n Rh1w Rg1e Rg2n
11b ec2w Rc1n Rc2n eb2e
12w Me2s Cf2e Hb1e Me1w
12b ec2e Hc1n Hc2n ed2w
13w Md1e Rh1w Rg1e Me1n
13b hb6s rb8s rb7s ra8s
14w Dg4w Rh1w Rg1e Rg3n
14b ec2e ed2n Me2w da5s
15w Cg2w Rh1w Rg1e Cf2w
15b ed3n Re3w Rd3w ed4s
16w Rh2w Rh1w Rg1e Rh1n
16b ed3e Md2n Md3w ee3w
17w


1w Ra1 Rb1 Rc1 Rd1 Re1 Rf1 Rg1 Rh1 Ha2 Db2 Cc2 Md2 Ee2 Cf2 Dg2 Hh2
1b ra8 rb8 rc8 rd8 re8 rf8 rg8 rh8 cc7 cf7 da7 dh7 hb7 hg7 me7 ed7
2w Ee2n Re1n Ee3n Re2n
2b ed7s hb7s ed6s hg7s
3w Dg2n Rg1n Rh1w Rf1w
3b ed5s ed4s da7s dh7w
4w Rg1e Rh1w Rg1e Re1e
4b Md2e ed3s Cc2n ed2w
5w Rd1e Rh1w Rg1e Rf1e
5b Db2n ec2w Db3e eb2n
6w Rg1w Rh1w Rg1e Re1w
6b eb3s eb2e Rb1n rd8s
7w Hh2n Rh1w Rg1e Rh1n
7b ec2e Rc1n Rc2n ed2w
8w Rd1w Rf1e Rg1e Ra1e
8b Rb2n ec2w Rb3e eb2n
9w Rh1w Rg1e Rh1w Ha2s
9b eb3s eb2e Rb1n da6s
10w Rg1w Rf1e Rg1e Ha1e
10b ec2e Rb2e Rc2n ed2w
11w Dg3n Rh1w Rg1e Rg2n
11b ec2w Rc1n Rc2n eb2e
12w Me2s Cf2e Hb1e Me1w
12b ec2e Hc1n Hc2n ed2w
13w Md1e Rh1w Rg1e Me1n
13b hb6s rb8s rb7s ra8s
14w Dg4w Rh1w Rg1e Rg3n
14b ec2e ed2n Me2w da5s
15w Cg2w Rh1w Rg1e Cf2w
15b ed3n Re3w Rd3w ed4s
16w Rh2w Rh1w Rg1e Rh1n
16b ed3e Md2n Md3w ee3w
17w Rg2n Rh2w Rg2e Ce2n
17b ra7s ra6s da4e ra5s
18w


1w Ra1 Rb1 Rc1 Rd1 Re1 Rf1 Rg1 Rh1 Cc2 Cf2 Da2 Dh2 Hb2 Hg2 Md2 Ee2
1b ra8 rb8 rc8 rd8 re8 rf8 rg8 rh8 ha7 db7 cc7 md7 ee7 cf7 dg7 hh7
2w Ee2n Ee3n Ee4n Ee5n
2b


1w Ra1 Rb1 Rc1 Rd1 Re1 Rf1 Rg1 Rh1 Cc2 Cf2 Da2 Dh2 Hb2 Hg2 Md2 Ee2
1b ra8 rb8 rc8 rd8 re8 rf8 rg8 rh8 ha7 db7 cc7 md7 ee7 cf7 dg7 hh7
2w Ee2n Ee3n Ee4n Ee5n
2b md7s ee7w md6s ed7s
3w Ee6s md5s Ee5w Hb2n
3b


1w Ra1 Rb1 Rc1 Rd1 Re1 Rf1 Rg1 Rh1 Cc2 Cf2 Da2 Dh2 Hb2 Hg2 Md2 Ee2
1b ra8 rb8 rc8 rd8 re8 rf8 rg8 rh8 ha7 db7 cc7 md7 ee7 cf7 dg7 hh7
2w Ee2n Ee3n Ee4n Ee5n
2b md7s ee7w md6s ed7s
3w Ee6s md5s Ee5w Hb2n
3b ed6e re8s ee6s ee5s
4w md4w Ed5s mc4s Ed4w
4b


1w Ra1 Rb1 Rc1 Rd1 Re1 Rf1 Rg1 Rh1 Cc2 Cf2 Da2 Dh2 Hb2 Hg2 Md2 Ee2
1b ra8 rb8 rc8 rd8 re8 rf8 rg8 rh8 ha7 db7 cc7 md7 ee7 cf7 dg7 hh7
2w Ee2n Ee3n Ee4n Ee5n
2b md7s ee7w md6s ed7s
3w Ee6s md5s Ee5w Hb2n
3b ed6e re8s ee6s ee5s
4w md4w Ed5s mc4s Ed4w
4b ee4s ee3s Cf2n Cf3x ee2e
5w Ec4e Ed4e Ee4s Hb3n
5b


1w Ra1 Rb1 Rc1 Rd1 Re1 Rf1 Rg1 Rh1 Cc2 Cf2 Da2 Dh2 Hb2 Hg2 Md2 Ee2
1b ra8 rb8 rc8 rd8 re8 rf8 rg8 rh8 ha7 db7 cc7 md7 ee7 cf7 dg7 hh7
2w Ee2n Ee3n Ee4n Ee5n
2b md7s ee7w md6s ed7s
3w Ee6s md5s Ee5w Hb2n
3b ed6e re8s ee6s ee5s
4w md4w Ed5s mc4s Ed4w
4b ee4s ee3s Cf2n Cf3x ee2e
5w Ec4e Ed4e Ee4s Hb3n
5b Hg2n ef2e Hg3w eg2n
6w Hf3s Ee3w Md2e Ed3e
6b


1w Ra1 Rb1 Rc1 Rd1 Re1 Rf1 Rg1 Rh1 Cc2 Cf2 Da2 Dh2 Hb2 Hg2 Md2 Ee2
1b ra8 rb8 rc8 rd8 re8 rf8 rg8 rh8 ha7 db7 cc7 md7 ee7 cf7 dg7 hh7
2w Ee2n Ee3n Ee4n Ee5n
2b md7s ee7w md6s ed7s
3w Ee6s md5s Ee5w Hb2n
3b ed6e re8s ee6s ee5s
4w md4w Ed5s mc4s Ed4w
4b ee4s ee3s Cf2n Cf3x ee2e
5w Ec4e Ed4e Ee4s Hb3n
5b Hg2n ef2e Hg3w eg2n
6w Hf3s Ee3w Md2e Ed3e
6b eg3n re7w eg4w ef4w
7w Hb4w Da2e Ha4n Ha5n
7b


1w Ra1 Rb1 Rc1 Rd1 Re1 Rf1 Rg1 Rh1 Cc2 Cf2 Da2 Dh2 Hb2 Hg2 Md2 Ee2
1b ra8 rb8 rc8 rd8 re8 rf8 rg8 rh8 ha7 db7 cc7 md7 ee7 cf7 dg7 hh7
2w Ee2n Ee3n Ee4n Ee5n
2b md7s ee7w md6s ed7s
3w Ee6s md5s Ee5w Hb2n
3b ed6e re8s ee6s ee5s
4w md4w Ed5s mc4s Ed4w
4b ee4s ee3s Cf2n Cf3x ee2e
5w Ec4e Ed4e Ee4s Hb3n
5b Hg2n ef2e Hg3w eg2n
6w Hf3s Ee3w Md2e Ed3e
6b eg3n re7w eg4w ef4w
7w Hb4w Da2e Ha4n Ha5n
7b ee4w rd7s rd6s rf8w
8w Dh2w Dg2n Db2n
8b


1w Ra1 Rb1 Rc1 Rd1 Re1 Rf1 Rg1 Rh1 Cc2 Cf2 Da2 Dh2 Hb2 Hg2 Md2 Ee2
1b ra8 rb8 rc8 rd8 re8 rf8 rg8 rh8 ha7 db7 cc7 md7 ee7 cf7 dg7 hh7
2w Ee2n Ee3n Ee4n Ee5n
2b md7s ee7w md6s ed7s
3w Ee6s md5s Ee5w Hb2n
3b ed6e re8s ee6s ee5s
4w md4w Ed5s mc4s Ed4w
4b ee4s ee3s Cf2n Cf3x ee2e
5w Ec4e Ed4e Ee4s Hb3n
5b Hg2n ef2e Hg3w eg2n
6w Hf3s Ee3w Md2e Ed3e
6b eg3n re7w eg4w ef4w
7w Hb4w Da2e Ha4n Ha5n
7b ee4w rd7s rd6s rf8w
8w Dh2w Dg2n Db2n
8b re8s rd5e re5s re7w
9w Ee3w re4s re3e Me2n
9b


1w Ra1 Rb1 Rc1 Rd1 Re1 Rf1 Rg1 Rh1 Cc2 Cf2 Da2 Dh2 Hb2 Hg2 Md2 Ee2
1b ra8 rb8 rc8 rd8 re8 rf8 rg8 rh8 ha7 db7 cc7 md7 ee7 cf7 dg7 hh7
2w Ee2n Ee3n Ee4n Ee5n
2b md7s ee7w md6s ed7s
3w Ee6s md5s Ee5w Hb2n
3b ed6e re8s ee6s ee5s
4w md4w Ed5s mc4s Ed4w
4b ee4s ee3s Cf2n Cf3x ee2e
5w Ec4e Ed4e Ee4s Hb3n
5b Hg2n ef2e Hg3w eg2n
6w Hf3s Ee3w Md2e Ed3e
6b eg3n re7w eg4w ef4w
7w Hb4w Da2e Ha4n Ha5n
7b ee4w rd7s rd6s rf8w
8w Dh2w Dg2n Db2n
8b re8s rd5e re5s re7w
9w Ee3w re4s re3e Me2n
9b ed4e Me3e ee4s ee3n
10w Ed3n Ed4n Ed5n Ha6e
10b


1w Ra1 Rb1 Rc1 Rd1 Re1 Rf1 Rg1 Rh1 Cc2 Cf2 Da2 Dh2 Hb2 Hg2 Md2 Ee2
1b ra8 rb8 rc8 rd8 re8 rf8 rg8 rh8 ha7 db7 cc7 md7 ee7 cf7 dg7 hh7
2w Ee2n Ee3n Ee4n Ee5n
2b md7s ee7w md6s ed7s
3w Ee6s md5s Ee5w Hb2n
3b ed6e re8s ee6s ee5s
4w md4w Ed5s mc4s Ed4w
4b ee4s ee3s Cf2n Cf3x ee2e
5w Ec4e Ed4e Ee4s Hb3n
5b Hg2n ef2e Hg3w eg2n
6w Hf3s Ee3w Md2e Ed3e
6b eg3n re7w eg4w ef4w
7w Hb4w Da2e Ha4n Ha5n
7b ee4w rd7s rd6s rf8w
8w Dh2w Dg2n Db2n
8b re8s rd5e re5s re7w
9w Ee3w re4s re3e Me2n
9b ed4e Me3e ee4s ee3n
10w Ed3n Ed4n Ed5n Ha6e
10b cf7w ce7s rd7e ee4n
11w ce6e Ed6e Ee6w re7s
11b


1w Ra1 Rb1 Rc1 Rd1 Re1 Rf1 Rg1 Rh1 Cc2 Cf2 Da2 Dh2 Hb2 Hg2 Md2 Ee2
1b ra8 rb8 rc8 rd8 re8 rf8 rg8 rh8 ha7 db7 cc7 md7 ee7 cf7 dg7 hh7
2w Ee2n Ee3n Ee4n Ee5n
2b md7s ee7w md6s ed7s
3w Ee6s md5s Ee5w Hb2n
3b ed6e re8s ee6s ee5s
4w md4w Ed5s mc4s Ed4w
4b ee4s ee3s Cf2n Cf3x ee2e
5w Ec4e Ed4e Ee4s Hb3n
5b Hg2n ef2e Hg3w eg2n
6w Hf3s Ee3w Md2e Ed3e
6b eg3n re7w eg4w ef4w
7w Hb4w Da2e Ha4n Ha5n
7b ee4w rd7s rd6s rf8w
8w Dh2w Dg2n Db2n
8b re8s rd5e re5s re7w
9w Ee3w re4s re3e Me2n
9b ed4e Me3e ee4s ee3n
10w Ed3n Ed4n Ed5n Ha6e
10b cf7w ce7s rd7e ee4n
11w ce6e Ed6e Ee6w re7s
11b cc7e rg8w rh8w rf8s
12w Hb6s db7s db6e Hb5n
12b


1w Ra1 Rb1 Rc1 Rd1 Re1 Rf1 Rg1 Rh1 Cc2 Cf2 Da2 Dh2 Hb2 Hg2 Md2 Ee2
1b ra8 rb8 rc8 rd8 re8 rf8 rg8 rh8 ha7 db7 cc7 md7 ee7 cf7 dg7 hh7
2w Ee2n Ee3n Ee4n Ee5n
2b md7s ee7w md6s ed7s
3w Ee6s md5s Ee5w Hb2n
3b ed6e re8s ee6s ee5s
4w md4w Ed5s mc4s Ed4w
4b ee4s ee3s Cf2n Cf3x ee2e
5w Ec4e Ed4e Ee4s Hb3n
5b Hg2n ef2e Hg3w eg2n
6w Hf3s Ee3w Md2e Ed3e
6b eg3n re7w eg4w ef4w
7w Hb4w Da2e Ha4n Ha5n
7b ee4w rd7s rd6s rf8w
8w Dh2w Dg2n Db2n
8b re8s rd5e re5s re7w
9w Ee3w re4s re3e Me2n
9b ed4e Me3e ee4s ee3n
10w Ed3n Ed4n Ed5n Ha6e
10b cf7w ce7s rd7e ee4n
11w ce6e Ed6e Ee6w re7s
11b cc7e rg8w rh8w rf8s
12w Hb6s db7s db6e Hb5n
12b dg7s re6e rf6s rf7e
13w Ed6e cd7s cd6w Ee6w
13b


1w Ra1 Rb1 Rc1 Rd1 Re1 Rf1 Rg1 Rh1 Cc2 Cf2 Da2 Dh2 Hb2 Hg2 Md2 Ee2
1b ra8 rb8 rc8 rd8 re8 rf8 rg8 rh8 ha7 db7 cc7 md7 ee7 cf7 dg7 hh7
2w Ee2n Ee3n Ee4n Ee5n
2b md7s ee7w md6s ed7s
3w Ee6s md5s Ee5w Hb2n
3b ed6e re8s ee6s ee5s
4w md4w Ed5s mc4s Ed4w
4b ee4s ee3s Cf2n Cf3x ee2e
5w Ec4e Ed4e Ee4s Hb3n
5b Hg2n ef2e Hg3w eg2n
6w Hf3s Ee3w Md2e Ed3e
6b eg3n re7w eg4w ef4w
7w Hb4w Da2e Ha4n Ha5n
7b ee4w rd7s rd6s rf8w
8w Dh2w Dg2n Db2n
8b re8s rd5e re5s re7w
9w Ee3w re4s re3e Me2n
9b ed4e Me3e ee4s ee3n
10w Ed3n Ed4n Ed5n Ha6e
10b cf7w ce7s rd7e ee4n
11w ce6e Ed6e Ee6w re7s
11b cc7e rg8w rh8w rf8s
12w Hb6s db7s db6e Hb5n
12b dg7s re6e rf6s rf7e
13w Ed6e cd7s cd6w Ee6w
13b rg8e rf5s rh8w ee5s
14w Dg3n Mf3e rf4s Dg4e
14b


1w Ra1 Rb1 Rc1 Rd1 Re1 Rf1 Rg1 Rh1 Cc2 Cf2 Da2 Dh2 Hb2 Hg2 Md2 Ee2
1b ra8 rb8 rc8 rd8 re8 rf8 rg8 rh8 ha7 db7 cc7 md7 ee7 cf7 dg7 hh7
2w Ee2n Ee3n Ee4n Ee5n
2b md7s ee7w md6s ed7s
3w Ee6s md5s Ee5w Hb2n
3b ed6e re8s ee6s ee5s
4w md4w Ed5s mc4s Ed4w
4b ee4s ee3s Cf2n Cf3x ee2e
5w Ec4e Ed4e Ee4s Hb3n
5b Hg2n ef2e Hg3w eg2n
6w Hf3s Ee3w Md2e Ed3e
6b eg3n re7w eg4w ef4w
7w Hb4w Da2e Ha4n Ha5n
7b ee4w rd7s rd6s rf8w
8w Dh2w Dg2n Db2n
8b re8s rd5e re5s re7w
9w Ee3w re4s re3e Me2n
9b ed4e Me3e ee4s ee3n
10w Ed3n Ed4n Ed5n Ha6e
10b cf7w ce7s rd7e ee4n
11w ce6e Ed6e Ee6w re7s
11b cc7e rg8w rh8w rf8s
12w Hb6s db7s db6e Hb5n
12b dg7s re6e rf6s rf7e
13w Ed6e cd7s cd6w Ee6w
13b rg8e rf5s rh8w ee5s
14w Dg3n Mf3e rf4s Dg4e
14b ee4n rg8e dg6s dg5w
15w Mg3n Mg4w Mf4s df5s
15b


1w Ra1 Rb1 Rc1 Rd1 Re1 Rf1 Rg1 Rh1 Cc2 Cf2 Da2 Dh2 Hb2 Hg2 Md2 Ee2
1b ra8 rb8 rc8 rd8 re8 rf8 rg8 rh8 ha7 db7 cc7 md7 ee7 cf7 dg7 hh7
2w Ee2n Ee3n Ee4n Ee5n
2b md7s ee7w md6s ed7s
3w Ee6s md5s Ee5w Hb2n
3b ed6e re8s ee6s ee5s
4w md4w Ed5s mc4s Ed4w
4b ee4s ee3s Cf2n Cf3x ee2e
5w Ec4e Ed4e Ee4s Hb3n
5b Hg2n ef2e Hg3w eg2n
6w Hf3s Ee3w Md2e Ed3e
6b eg3n re7w eg4w ef4w
7w Hb4w Da2e Ha4n Ha5n
7b ee4w rd7s rd6s rf8w
8w Dh2w Dg2n Db2n
8b re8s rd5e re5s re7w
9w Ee3w re4s re3e Me2n
9b ed4e Me3e ee4s ee3n
10w Ed3n Ed4n Ed5n Ha6e
10b cf7w ce7s rd7e ee4n
11w ce6e Ed6e Ee6w re7s
11b cc7e rg8w rh8w rf8s
12w Hb6s db7s db6e Hb5n
12b dg7s re6e rf6s rf7e
13w Ed6e cd7s cd6w Ee6w
13b rg8e rf5s rh8w ee5s
14w Dg3n Mf3e rf4s Dg4e
14b ee4n rg8e dg6s dg5w
15w Mg3n Mg4w Mf4s df5s
15b rh8w rg7s rg8s ee5s
16w Mf3w df4s Dh4w Dg4s
16b


1w Ra1 Rb1 Rc1 Rd1 Re1 Rf1 Rg1 Rh1 Cc2 Cf2 Da2 Dh2 Hb2 Hg2 Md2 Ee2
1b ra8 rb8 rc8 rd8 re8 rf8 rg8 rh8 ha7 db7 cc7 md7 ee7 cf7 dg7 hh7
2w Ee2n Ee3n Ee4n Ee5n
2b md7s ee7w md6s ed7s
3w Ee6s md5s Ee5w Hb2n
3b ed6e re8s ee6s ee5s
4w md4w Ed5s mc4s Ed4w
4b ee4s ee3s Cf2n Cf3x ee2e
5w Ec4e Ed4e Ee4s Hb3n
5b Hg2n ef2e Hg3w eg2n
6w Hf3s Ee3w Md2e Ed3e
6b eg3n re7w eg4w ef4w
7w Hb4w Da2e Ha4n Ha5n
7b ee4w rd7s rd6s rf8w
8w Dh2w Dg2n Db2n
8b re8s rd5e re5s re7w
9w Ee3w re4s re3e Me2n
9b ed4e Me3e ee4s ee3n
10w Ed3n Ed4n Ed5n Ha6e
10b cf7w ce7s rd7e ee4n
11w ce6e Ed6e Ee6w re7s
11b cc7e rg8w rh8w rf8s
12w Hb6s db7s db6e Hb5n
12b dg7s re6e rf6s rf7e
13w Ed6e cd7s cd6w Ee6w
13b rg8e rf5s rh8w ee5s
14w Dg3n Mf3e rf4s Dg4e
14b ee4n rg8e dg6s dg5w
15w Mg3n Mg4w Mf4s df5s
15b rh8w rg7s rg8s ee5s
16w Mf3w df4s Dh4w Dg4s
16b Me3e ee4s rg6e ee3n
17w Hb6n Hb7s rb8s Rd1n
17b


1w Ra1 Rb1 Rc1 Rd1 Re1 Rf1 Rg1 Rh1 Cc2 Cf2 Da2 Dh2 Hb2 Hg2 Md2 Ee2
1b ra8 rb8 rc8 rd8 re8 rf8 rg8 rh8 ha7 db7 cc7 md7 ee7 cf7 dg7 hh7
2w Ee2n Ee3n Ee4n Ee5n
2b md7s ee7w md6s ed7s
3w Ee6s md5s Ee5w Hb2n
3b ed6e re8s ee6s ee5s
4w md4w Ed5s mc4s Ed4w
4b ee4s ee3s Cf2n Cf3x ee2e
5w Ec4e Ed4e Ee4s Hb3n
5b Hg2n ef2e Hg3w eg2n
6w Hf3s Ee3w Md2e Ed3e
6b eg3n re7w eg4w ef4w
7w Hb4w Da2e Ha4n Ha5n
7b ee4w rd7s rd6s rf8w
8w Dh2w Dg2n Db2n
8b re8s rd5e re5s re7w
9w Ee3w re4s re3e Me2n
9b ed4e Me3e ee4s ee3n
10w Ed3n Ed4n Ed5n Ha6e
10b cf7w ce7s rd7e ee4n
11w ce6e Ed6e Ee6w re7s
11b cc7e rg8w rh8w rf8s
12w Hb6s db7s db6e Hb5n
12b dg7s re6e rf6s rf7e
13w Ed6e cd7s cd6w Ee6w
13b rg8e rf5s rh8w ee5s
14w Dg3n Mf3e rf4s Dg4e
14b ee4n rg8e dg6s dg5w
15w Mg3n Mg4w Mf4s df5s
15b rh8w rg7s rg8s ee5s
16w Mf3w df4s Dh4w Dg4s
16b Me3e ee4s rg6e ee3n
17w Hb6n Hb7s rb8s Rd1n
17b rh6w rg6s rg5w rf5s
18w Hb6s rb7s rb6e Hb5n
18b


1w Ra1 Rb1 Rc1 Rd1 Re1 Rf1 Rg1 Rh1 Cc2 Cf2 Da2 Dh2 Hb2 Hg2 Md2 Ee2
1b ra8 rb8 rc8 rd8 re8 rf8 rg8 rh8 ha7 db7 cc7 md7 ee7 cf7 dg7 hh7
2w Ee2n Ee3n Ee4n Ee5n
2b md7s ee7w md6s ed7s
3w Ee6s md5s Ee5w Hb2n
3b ed6e re8s ee6s ee5s
4w md4w Ed5s mc4s Ed4w
4b ee4s ee3s Cf2n Cf3x ee2e
5w Ec4e Ed4e Ee4s Hb3n
5b Hg2n ef2e Hg3w eg2n
6w Hf3s Ee3w Md2e Ed3e
6b eg3n re7w eg4w ef4w
7w Hb4w Da2e Ha4n Ha5n
7b ee4w rd7s rd6s rf8w
8w Dh2w Dg2n Db2n
8b re8s rd5e re5s re7w
9w Ee3w re4s re3e Me2n
9b ed4e Me3e ee4s ee3n
10w Ed3n Ed4n Ed5n Ha6e
10b cf7w ce7s rd7e ee4n
11w ce6e Ed6e Ee6w re7s
11b cc7e rg8w rh8w rf8s
12w Hb6s db7s db6e Hb5n
12b dg7s re6e rf6s rf7e
13w Ed6e cd7s cd6w Ee6w
13b rg8e rf5s rh8w ee5s
14w Dg3n Mf3e rf4s Dg4e
14b ee4n rg8e dg6s dg5w
15w Mg3n Mg4w Mf4s df5s
15b rh8w rg7s rg8s ee5s
16w Mf3w df4s Dh4w Dg4s
16b Me3e ee4s rg6e ee3n
17w Hb6n Hb7s rb8s Rd1n
17b rh6w rg6s rg5w rf5s
18w Hb6s rb7s rb6e Hb5n
18b rc8w rg7s rg6e rd8w
19w Mf3w rf4s Rd2e
19b


1w Ra1 Rb1 Rc1 Rd1 Re1 Rf1 Rg1 Rh1 Cc2 Cf2 Da2 Dh2 Hb2 Hg2 Md2 Ee2
1b ra8 rb8 rc8 rd8 re8 rf8 rg8 rh8 ha7 db7 cc7 md7 ee7 cf7 dg7 hh7
2w Ee2n Ee3n Ee4n Ee5n
2b md7s ee7w md6s ed7s
3w Ee6s md5s Ee5w Hb2n
3b ed6e re8s ee6s ee5s
4w md4w Ed5s mc4s Ed4w
4b ee4s ee3s Cf2n Cf3x ee2e
5w Ec4e Ed4e Ee4s Hb3n
5b Hg2n ef2e Hg3w eg2n
6w Hf3s Ee3w Md2e Ed3e
6b eg3n re7w eg4w ef4w
7w Hb4w Da2e Ha4n Ha5n
7b ee4w rd7s rd6s rf8w
8w Dh2w Dg2n Db2n
8b re8s rd5e re5s re7w
9w Ee3w re4s re3e Me2n
9b ed4e Me3e ee4s ee3n
10w Ed3n Ed4n Ed5n Ha6e
10b cf7w ce7s rd7e ee4n
11w ce6e Ed6e Ee6w re7s
11b cc7e rg8w rh8w rf8s
12w Hb6s db7s db6e Hb5n
12b dg7s re6e rf6s rf7e
13w Ed6e cd7s cd6w Ee6w
13b rg8e rf5s rh8w ee5s
14w Dg3n Mf3e rf4s Dg4e
14b ee4n rg8e dg6s dg5w
15w Mg3n Mg4w Mf4s df5s
15b rh8w rg7s rg8s ee5s
16w Mf3w df4s Dh4w Dg4s
16b Me3e ee4s rg6e ee3n
17w Hb6n Hb7s rb8s Rd1n
17b rh6w rg6s rg5w rf5s
18w Hb6s rb7s rb6e Hb5n
18b rc8w rg7s rg6e rd8w
19w Mf3w rf4s Rd2e
19b Me3e ee4s ee3n Re2n
20w Ed6e Ra1n Ra2n Ra3n
20b


1w Ra1 Rb1 Rc1 Rd1 Re1 Rf1 Rg1 Rh1 Cc2 Cf2 Da2 Dh2 Hb2 Hg2 Md2 Ee2
1b ra8 rb8 rc8 rd8 re8 rf8 rg8 rh8 ha7 db7 cc7 md7 ee7 cf7 dg7 hh7
2w Ee2n Ee3n Ee4n Ee5n
2b md7s ee7w md6s ed7s
3w Ee6s md5s Ee5w Hb2n
3b ed6e re8s ee6s ee5s
4w md4w Ed5s mc4s Ed4w
4b ee4s ee3s Cf2n Cf3x ee2e
5w Ec4e Ed4e Ee4s Hb3n
5b Hg2n ef2e Hg3w eg2n
6w Hf3s Ee3w Md2e Ed3e
6b eg3n re7w eg4w ef4w
7w Hb4w Da2e Ha4n Ha5n
7b ee4w rd7s rd6s rf8w
8w Dh2w Dg2n Db2n
8b re8s rd5e re5s re7w
9w Ee3w re4s re3e Me2n
9b ed4e Me3e ee4s ee3n
10w Ed3n Ed4n Ed5n Ha6e
10b cf7w ce7s rd7e ee4n
11w ce6e Ed6e Ee6w re7s
11b cc7e rg8w rh8w rf8s
12w Hb6s db7s db6e Hb5n
12b dg7s re6e rf6s rf7e
13w Ed6e cd7s cd6w Ee6w
13b rg8e rf5s rh8w ee5s
14w Dg3n Mf3e rf4s Dg4e
14b ee4n rg8e dg6s dg5w
15w Mg3n Mg4w Mf4s df5s
15b rh8w rg7s rg8s ee5s
16w Mf3w df4s Dh4w Dg4s
16b Me3e ee4s rg6e ee3n
17w Hb6n Hb7s rb8s Rd1n
17b rh6w rg6s rg5w rf5s
18w Hb6s rb7s rb6e Hb5n
18b rc8w rg7s rg6e rd8w
19w Mf3w rf4s Rd2e
19b Me3e ee4s ee3n Re2n
20w Ed6e Ra1n Ra2n Ra3n
20b ee4w Re3n ed4n Re4w
21w Ra4n Ra5n Hb6n Hb7e
21b


1w Ra1 Rb1 Rc1 Rd1 Re1 Rf1 Rg1 Rh1 Cc2 Cf2 Da2 Dh2 Hb2 Hg2 Md2 Ee2
1b ra8 rb8 rc8 rd8 re8 rf8 rg8 rh8 ha7 db7 cc7 md7 ee7 cf7 dg7 hh7
2w Ee2n Ee3n Ee4n Ee5n
2b md7s ee7w md6s ed7s
3w Ee6s md5s Ee5w Hb2n
3b ed6e re8s ee6s ee5s
4w md4w Ed5s mc4s Ed4w
4b ee4s ee3s Cf2n Cf3x ee2e
5w Ec4e Ed4e Ee4s Hb3n
5b Hg2n ef2e Hg3w eg2n
6w Hf3s Ee3w Md2e Ed3e
6b eg3n re7w eg4w ef4w
7w Hb4w Da2e Ha4n Ha5n
7b ee4w rd7s rd6s rf8w
8w Dh2w Dg2n Db2n
8b re8s rd5e re5s re7w
9w Ee3w re4s re3e Me2n
9b ed4e Me3e ee4s ee3n
10w Ed3n Ed4n Ed5n Ha6e
10b cf7w ce7s rd7e ee4n
11w ce6e Ed6e Ee6w re7s
11b cc7e rg8w rh8w rf8s
12w Hb6s db7s db6e Hb5n
12b dg7s re6e rf6s rf7e
13w Ed6e cd7s cd6w Ee6w
13b rg8e rf5s rh8w ee5s
14w Dg3n Mf3e rf4s Dg4e
14b ee4n rg8e dg6s dg5w
15w Mg3n Mg4w Mf4s df5s
15b rh8w rg7s rg8s ee5s
16w Mf3w df4s Dh4w Dg4s
16b Me3e ee4s rg6e ee3n
17w Hb6n Hb7s rb8s Rd1n
17b rh6w rg6s rg5w rf5s
18w Hb6s rb7s rb6e Hb5n
18b rc8w rg7s rg6e rd8w
19w Mf3w rf4s Rd2e
19b Me3e ee4s ee3n Re2n
20w Ed6e Ra1n Ra2n Ra3n
20b ee4w Re3n ed4n Re4w
21w Ra4n Ra5n Hb6n Hb7e
21b ed5n ed6n Hc7s Hc6x ed7w
22w Ee6w Rd4e Re4n Re5n
22b


1w Ra1 Rb1 Rc1 Rd1 Re1 Rf1 Rg1 Rh1 Cc2 Cf2 Da2 Dh2 Hb2 Hg2 Md2 Ee2
1b ra8 rb8 rc8 rd8 re8 rf8 rg8 rh8 ha7 db7 cc7 md7 ee7 cf7 dg7 hh7
2w Ee2n Ee3n Ee4n Ee5n
2b md7s ee7w md6s ed7s
3w Ee6s md5s Ee5w Hb2n
3b ed6e re8s ee6s ee5s
4w md4w Ed5s mc4s Ed4w
4b ee4s ee3s Cf2n Cf3x ee2e
5w Ec4e Ed4e Ee4s Hb3n
5b Hg2n ef2e Hg3w eg2n
6w Hf3s Ee3w Md2e Ed3e
6b eg3n re7w eg4w ef4w
7w Hb4w Da2e Ha4n Ha5n
7b ee4w rd7s rd6s rf8w
8w Dh2w Dg2n Db2n
8b re8s rd5e re5s re7w
9w Ee3w re4s re3e Me2n
9b ed4e Me3e ee4s ee3n
10w Ed3n Ed4n Ed5n Ha6e
10b cf7w ce7s rd7e ee4n
11w ce6e Ed6e Ee6w re7s
11b cc7e rg8w rh8w rf8s
12w Hb6s db7s db6e Hb5n
12b dg7s re6e rf6s rf7e
13w Ed6e cd7s cd6w Ee6w
13b rg8e rf5s rh8w ee5s
14w Dg3n Mf3e rf4s Dg4e
14b ee4n rg8e dg6s dg5w
15w Mg3n Mg4w Mf4s df5s
15b rh8w rg7s rg8s ee5s
16w Mf3w df4s Dh4w Dg4s
16b Me3e ee4s rg6e ee3n
17w Hb6n Hb7s rb8s Rd1n
17b rh6w rg6s rg5w rf5s
18w Hb6s rb7s rb6e Hb5n
18b rc8w rg7s rg6e rd8w
19w Mf3w rf4s Rd2e
19b Me3e ee4s ee3n Re2n
20w Ed6e Ra1n Ra2n Ra3n
20b ee4w Re3n ed4n Re4w
21w Ra4n Ra5n Hb6n Hb7e
21b ed5n ed6n Hc7s Hc6x ed7w
22w Ee6w Rd4e Re4n Re5n
22b ec7e ed7e Re6e Rf6x ee7s
23w Ed6s Ed5w Ec5w Eb5n
23b


1w Ra1 Rb1 Rc1 Rd1 Re1 Rf1 Rg1 Rh1 Cc2 Cf2 Da2 Dh2 Hb2 Hg2 Md2 Ee2
1b ra8 rb8 rc8 rd8 re8 rf8 rg8 rh8 ha7 db7 cc7 md7 ee7 cf7 dg7 hh7
2w Ee2n Ee3n Ee4n Ee5n
2b md7s ee7w md6s ed7s
3w Ee6s md5s Ee5w Hb2n
3b ed6e re8s ee6s ee5s
4w md4w Ed5s mc4s Ed4w
4b ee4s ee3s Cf2n Cf3x ee2e
5w Ec4e Ed4e Ee4s Hb3n
5b Hg2n ef2e Hg3w eg2n
6w Hf3s Ee3w Md2e Ed3e
6b eg3n re7w eg4w ef4w
7w Hb4w Da2e Ha4n Ha5n
7b ee4w rd7s rd6s rf8w
8w Dh2w Dg2n Db2n
8b re8s rd5e re5s re7w
9w Ee3w re4s re3e Me2n
9b ed4e Me3e ee4s ee3n
10w Ed3n Ed4n Ed5n Ha6e
10b cf7w ce7s rd7e ee4n
11w ce6e Ed6e Ee6w re7s
11b cc7e rg8w rh8w rf8s
12w Hb6s db7s db6e Hb5n
12b dg7s re6e rf6s rf7e
13w Ed6e cd7s cd6w Ee6w
13b rg8e rf5s rh8w ee5s
14w Dg3n Mf3e rf4s Dg4e
14b ee4n rg8e dg6s dg5w
15w Mg3n Mg4w Mf4s df5s
15b rh8w rg7s rg8s ee5s
16w Mf3w df4s Dh4w Dg4s
16b Me3e ee4s rg6e ee3n
17w Hb6n Hb7s rb8s Rd1n
17b rh6w rg6s rg5w rf5s
18w Hb6s rb7s rb6e Hb5n
18b rc8w rg7s rg6e rd8w
19w Mf3w rf4s Rd2e
19b Me3e ee4s ee3n Re2n
20w Ed6e Ra1n Ra2n Ra3n
20b ee4w Re3n ed4n Re4w
21w Ra4n Ra5n Hb6n Hb7e
21b ed5n ed6n Hc7s Hc6x ed7w
22w Ee6w Rd4e Re4n Re5n
22b ec7e ed7e Re6e Rf6x ee7s
23w Ed6s Ed5w Ec5w Eb5n
23b Ra6s ha7s ra8s ee6s
24w Eb6n ha6e hb6e Eb7s
24b


1w Ra1 Rb1 Rc1 Rd1 Re1 Rf1 Rg1 Rh1 Cc2 Cf2 Da2 Dh2 Hb2 Hg2 Md2 Ee2
1b ra8 rb8 rc8 rd8 re8 rf8 rg8 rh8 ha7 db7 cc7 md7 ee7 cf7 dg7 hh7
2w Ee2n Ee3n Ee4n Ee5n
2b md7s ee7w md6s ed7s
3w Ee6s md5s Ee5w Hb2n
3b ed6e re8s ee6s ee5s
4w md4w Ed5s mc4s Ed4w
4b ee4s ee3s Cf2n Cf3x ee2e
5w Ec4e Ed4e Ee4s Hb3n
5b Hg2n ef2e Hg3w eg2n
6w Hf3s Ee3w Md2e Ed3e
6b eg3n re7w eg4w ef4w
7w Hb4w Da2e Ha4n Ha5n
7b ee4w rd7s rd6s rf8w
8w Dh2w Dg2n Db2n
8b re8s rd5e re5s re7w
9w Ee3w re4s re3e Me2n
9b ed4e Me3e ee4s ee3n
10w Ed3n Ed4n Ed5n Ha6e
10b cf7w ce7s rd7e ee4n
11w ce6e Ed6e Ee6w re7s
11b cc7e rg8w rh8w rf8s
12w Hb6s db7s db6e Hb5n
12b dg7s re6e rf6s rf7e
13w Ed6e cd7s cd6w Ee6w
13b rg8e rf5s rh8w ee5s
14w Dg3n Mf3e rf4s Dg4e
14b ee4n rg8e dg6s dg5w
15w Mg3n Mg4w Mf4s df5s
15b rh8w rg7s rg8s ee5s
16w Mf3w df4s Dh4w Dg4s
16b Me3e ee4s rg6e ee3n
17w Hb6n Hb7s rb8s Rd1n
17b rh6w rg6s rg5w rf5s
18w Hb6s rb7s rb6e Hb5n
18b rc8w rg7s rg6e rd8w
19w Mf3w rf4s Rd2e
19b Me3e ee4s ee3n Re2n
20w Ed6e Ra1n Ra2n Ra3n
20b ee4w Re3n ed4n Re4w
21w Ra4n Ra5n Hb6n Hb7e
21b ed5n ed6n Hc7s Hc6x ed7w
22w Ee6w Rd4e Re4n Re5n
22b ec7e ed7e Re6e Rf6x ee7s
23w Ed6s Ed5w Ec5w Eb5n
23b Ra6s ha7s ra8s ee6s
24w Eb6n ha6e hb6e Eb7s
24b ee5w rh6s ra7e hh7s
25w Eb6w rb7s rb6e Ea6e
25b


1w Ra1 Rb1 Rc1 Rd1 Re1 Rf1 Rg1 Rh1 Ha2 Db2 Cc2 Md2 Ee2 Cf2 Dg2 Hh2
1b ra8 rb8 rc8 rd8 re8 rf8 rg8 rh8 cc7 cf7 da7 dh7 hb7 hg7 me7 ed7
2w


1w Ra1 Rb1 Rc1 Rd1 Re1 Rf1 Rg1 Rh1 Ha2 Db2 Cc2 Md2 Ee2 Cf2 Dg2 Hh2
1b ra8 rb8 rc8 rd8 re8 rf8 rg8 rh8 cc7 cf7 da7 dh7 hb7 hg7 me7 ed7
2w Ee2n Re1n Ee3n Re2n
2b ed7s hb7s ed6s hg7s
3w


1w Ra1 Rb1 Rc1 Rd1 Re1 Rf1 Rg1 Rh1 Ha2 Db2 Cc2 Md2 Ee2 Cf2 Dg2 Hh2
1b ra8 rb8 rc8 rd8 re8 rf8 rg8 rh8 cc7 cf7 da7 dh7 hb7 hg7 me7 ed7
2w Ee2n Re1n Ee3n Re2n
2b ed7s hb7s ed6s hg7s
3w Dg2n Rg1n Rh1w Rf1w
3b ed5s ed4s da7s dh7w
4w


1w Ra1 Rb1 Rc1 Rd1 Re1 Rf1 Rg1 Rh1 Ha2 Db2 Cc2 Md2 Ee2 Cf2 Dg2 Hh2
1b ra8 rb8 rc8 rd8 re8 rf8 rg8 rh8 cc7 cf7 da7 dh7 hb7 hg7 me7 ed7
2w Ee2n Re1n Ee3n Re2n
2b ed7s hb7s ed6s hg7s
3w Dg2n Rg1n Rh1w Rf1w
3b ed5s ed4s da7s dh7w
4w Rg1e Rh1w Rg1e Re1e
4b Md2e ed3s Cc2n ed2w
5w


1w Ra1 Rb1 Rc1 Rd1 Re1 Rf1 Rg1 Rh1 Ha2 Db2 Cc2 Md2 Ee2 Cf2 Dg2 Hh2
1b ra8 rb8 rc8 rd8 re8 rf8 rg8 rh8 cc7 cf7 da7 dh7 hb7 hg7 me7 ed7
2w Ee2n Re1n Ee3n Re2n
2b ed7s hb7s ed6s hg7s
3w Dg2n Rg1n Rh1w Rf1w
3b ed5s ed4s da7s dh7w
4w Rg1e Rh1w Rg1e Re1e
4b Md2e ed3s Cc2n ed2w
5w Rd1e Rh1w Rg1e Rf1e
5b Db2n ec2w Db3e eb2n
6w


1w Ra1 Rb1 Rc1 Rd1 Re1 Rf1 Rg1 Rh1 Ha2 Db2 Cc2 Md2 Ee2 Cf2 Dg2 Hh2
1b ra8 rb8 rc8 rd8 re8 rf8 rg8 rh8 cc7 cf7 da7 dh7 hb7 hg7 me7 ed7
2w Ee2n Re1n Ee3n Re2n
2b ed7s hb7s ed6s hg7s
3w Dg2n Rg1n Rh1w Rf1w
3b ed5s ed4s da7s dh7w
4w Rg1e Rh1w Rg1e Re1e
4b Md2e ed3s Cc2n ed2w
5w Rd1e Rh1w Rg1e Rf1e
5b Db2n ec2w Db3e eb2n
6w Rg1w Rh1w Rg1e Re1w
6b eb3s eb2e Rb1n rd8s
7w


1w Ra1 Rb1 Rc1 Rd1 Re1 Rf1 Rg1 Rh1 Ha2 Db2 Cc2 Md2 Ee2 Cf2 Dg2 Hh2
1b ra8 rb8 rc8 rd8 re8 rf8 rg8 rh8 cc7 cf7 da7 dh7 hb7 hg7 me7 ed7
2w Ee2n Re1n Ee3n Re2n
2b ed7s hb7s ed6s hg7s
3w Dg2n Rg1n Rh1w Rf1w
3b ed5s ed4s da7s dh7w
4w Rg1e Rh1w Rg1e Re1e
4b Md2e ed3s Cc2n ed2w
5w Rd1e Rh1w Rg1e Rf1e
5b Db2n ec2w Db3e eb2n
6w Rg1w Rh1w Rg1e Re1w
6b eb3s eb2e Rb1n rd8s
7w Hh2n Rh1w Rg1e Rh1n
7b ec2e Rc1n Rc2n ed2w
8w


1w Ra1 Rb1 Rc1 Rd1 Re1 Rf1 Rg1 Rh1 Ha2 Db2 Cc2 Md2 Ee2 Cf2 Dg2 Hh2
1b ra8 rb8 rc8 rd8 re8 rf8 rg8 rh8 cc7 cf7 da7 dh7 hb7 hg7 me7 ed7
2w Ee2n Re1n Ee3n Re2n
2b ed7s hb7s ed6s hg7s
3w Dg2n Rg1n Rh1w Rf1w
3b ed5s ed4s da7s dh7w
4w Rg1e Rh1w Rg1e Re1e
4b Md2e ed3s Cc2n ed2w
5w Rd1e Rh1w Rg1e Rf1e
5b Db2n ec2w Db3e eb2n
6w Rg1w Rh1w Rg1e Re1w
6b eb3s eb2e Rb1n rd8s
7w Hh2n Rh1w Rg1e Rh1n
7b ec2e Rc1n Rc2n ed2w
8w Rd1w Rf1e Rg1e Ra1e
8b Rb2n ec2w Rb3e eb2n
9w


1w Ra1 Rb1 Rc1 Rd1 Re1 Rf1 Rg1 Rh1 Ha2 Db2 Cc2 Md2 Ee2 Cf2 Dg2 Hh2
1b ra8 rb8 rc8 rd8 re8 rf8 rg8 rh8 cc7 cf7 da7 dh7 hb7 hg7 me7 ed7
2w Ee2n Re1n Ee3n Re2n
2b ed7s hb7s ed6s hg7s
3w Dg2n Rg1n Rh1w Rf1w
3b ed5s ed4s da7s dh7w
4w Rg1e Rh1w Rg1e Re1e
4b Md2e ed3s Cc2n ed2w
5w Rd1e Rh1w Rg1e Rf1e
5b Db2n ec2w Db3e eb2n
6w Rg1w Rh1w Rg1e Re1w
6b eb3s eb2e Rb1n rd8s
7w Hh2n Rh1w Rg1e Rh1n
7b ec2e Rc1n Rc2n ed2w
8w Rd1w Rf1e Rg1e Ra1e
8b Rb2n ec2w Rb3e eb2n
9w Rh1w Rg1e Rh1w Ha2s
9b eb3s eb2e Rb1n da6s
10w


1w Ra1 Rb1 Rc1 Rd1 Re1 Rf1 Rg1 Rh1 Ha2 Db2 Cc2 Md2 Ee2 Cf2 Dg2 Hh2
1b ra8 rb8 rc8 rd8 re8 rf8 rg8 rh8 cc7 cf7 da7 dh7 hb7 hg7 me7 ed7
2w Ee2n Re1n Ee3n Re2n
2b ed7s hb7s ed6s hg7s
3w Dg2n Rg1n Rh1w Rf1w
3b ed5s ed4s da7s dh7w
4w Rg1e Rh1w Rg1e Re1e
4b Md2e ed3s Cc2n ed2w
5w Rd1e Rh1w Rg1e Rf1e
5b Db2n ec2w Db3e eb2n
6w Rg1w Rh1w Rg1e Re1w
6b eb3s eb2e Rb1n rd8s
7w Hh2n Rh1w Rg1e Rh1n
7b ec2e Rc1n Rc2n ed2w
8w Rd1w Rf1e Rg1e Ra1e
8b Rb2n ec2w Rb3e eb2n
9w Rh1w Rg1e Rh1w Ha2s
9b eb3s eb2e Rb1n da6s
10w Rg1w Rf1e Rg1e Ha1e
10b ec2e Rb2e Rc2n ed2w
11w


1w Ra1 Rb1 Rc1 Rd1 Re1 Rf1 Rg1 Rh1 Ha2 Db2 Cc2 Md2 Ee2 Cf2 Dg2 Hh2
1b ra8 rb8 rc8 rd8 re8 rf8 rg8 rh8 cc7 cf7 da7 dh7 hb7 hg7 me7 ed7
2w Ee2n Re1n Ee3n Re2n
2b ed7s hb7s ed6s hg7s
3w Dg2n Rg1n Rh1w Rf1w
3b ed5s ed4s da7s dh7w
4w Rg1e Rh1w Rg1e Re1e
4b Md2e ed3s Cc2n ed2w
5w Rd1e Rh1w Rg1e Rf1e
5b Db2n ec2w Db3e eb2n
6w Rg1w Rh1w Rg1e Re1w
6b eb3s eb2e Rb1n rd8s
7w Hh2n Rh1w Rg1e Rh1n
7b ec2e Rc1n Rc2n ed2w
8w Rd1w Rf1e Rg1e Ra1e
8b Rb2n ec2w Rb3e eb2n
9w Rh1w Rg1e Rh1w Ha2s
9b eb3s eb2e Rb1n da6s
10w Rg1w Rf1e Rg1e Ha1e
10b ec2e Rb2e Rc2n ed2w
11w Dg3n Rh1w Rg1e Rg2n
11b ec2w Rc1n Rc2n eb2e
12w


1w Ra1 Rb1 Rc1 Rd1 Re1 Rf1 Rg1 Rh1 Ha2 Db2 Cc2 Md2 Ee2 Cf2 Dg2 Hh2
1b ra8 rb8 rc8 rd8 re8 rf8 rg8 rh8 cc7 cf7 da7 dh7 hb7 hg7 me7 ed7
2w Ee2n Re1n Ee3n Re2n
2b ed7s hb7s ed6s hg7s
3w Dg2n Rg1n Rh1w Rf1w
3b ed5s ed4s da7s dh7w
4w Rg1e Rh1w Rg1e Re1e
4b Md2e ed3s Cc2n ed2w
5w Rd1e Rh1w Rg1e Rf1e
5b Db2n ec2w Db3e eb2n
6w Rg1w Rh1w Rg1e Re1w
6b eb3s eb2e Rb1n rd8s
7w Hh2n Rh1w Rg1e Rh1n
7b ec2e Rc1n Rc2n ed2w
8w Rd1w Rf1e Rg1e Ra1e
8b Rb2n ec2w Rb3e eb2n
9w Rh1w Rg1e Rh1w Ha2s
9b eb3s eb2e Rb1n da6s
10w Rg1w Rf1e Rg1e Ha1e
10b ec2e Rb2e Rc2n ed2w
11w Dg3n Rh1w Rg1e Rg2n
11b ec2w Rc1n Rc2n eb2e
12w Me2s Cf2e Hb1e Me1w
12b ec2e Hc1n Hc2n ed2w
13w


1w Ra1 Rb1 Rc1 Rd1 Re1 Rf1 Rg1 Rh1 Ha2 Db2 Cc2 Md2 Ee2 Cf2 Dg2 Hh2
1b ra8 rb8 rc8 rd8 re8 rf8 rg8 rh8 cc7 cf7 da7 dh7 hb7 hg7 me7 ed7
2w Ee2n Re1n Ee3n Re2n
2b ed7s hb7s ed6s hg7s
3w Dg2n Rg1n Rh1w Rf1w
3b ed5s ed4s da7s dh7w
4w Rg1e Rh1w Rg1e Re1e
4b Md2e ed3s Cc2n ed2w
5w Rd1e Rh1w Rg1e Rf1e
5b Db2n ec2w Db3e eb2n
6w Rg1w Rh1w Rg1e Re1w
6b eb3s eb2e Rb1n rd8s
7w Hh2n Rh1w Rg1e Rh1n
7b ec2e Rc1n Rc2n ed2w
8w Rd1w Rf1e Rg1e Ra1e
8b Rb2n ec2w Rb3e eb2n
9w Rh1w Rg1e Rh1w Ha2s
9b eb3s eb2e Rb1n da6s
10w Rg1w Rf1e Rg1e Ha1e
10b ec2e Rb2e Rc2n ed2w
11w Dg3n Rh1w Rg1e Rg2n
11b ec2w Rc1n Rc2n eb2e
12w Me2s Cf2e Hb1e Me1w
12b ec2e Hc1n Hc2n ed2w
13w Md1e Rh1w Rg1e Me1n
13b hb6s rb8s rb7s ra8s
14w


1w Ra1 Rb1 Rc1 Rd1 Re1 Rf1 Rg1 Rh1 Ha2 Db2 Cc2 Md2 Ee2 Cf2 Dg2 Hh2
1b ra8 rb8 rc8 rd8 re8 rf8 rg8 rh8 cc7 cf7 da7 dh7 hb7 hg7 me7 ed7
2w Ee2n Re1n Ee3n Re2n
2b ed7s hb7s ed6s hg7s
3w Dg2n Rg1n Rh1w Rf1w
3b ed5s ed4s da7s dh7w
4w Rg1e Rh1w Rg1e Re1e
4b Md2e ed3s Cc2n ed2w
5w Rd1e Rh1w Rg1e Rf1e
5b Db2n ec2w Db3e eb2n
6w Rg1w Rh1w Rg1e Re1w
6b eb3s eb2e Rb1n rd8s
7w Hh2n Rh1w Rg1e Rh1n
7b ec2e Rc1n Rc2n ed2w
8w Rd1w Rf1e Rg1e Ra1e
8b Rb2n ec2w Rb3e eb2n
9w Rh1w Rg1e Rh1w Ha2s
9b eb3s eb2e Rb1n da6s
10w Rg1w Rf1e Rg1e Ha1e
10b ec2e Rb2e Rc2n ed2w
11w Dg3n Rh1w Rg1e Rg2n
11b ec2w Rc1n Rc2n eb2e
12w Me2s Cf2e Hb1e Me1w
12b ec2e Hc1n Hc2n ed2w
13w Md1e Rh1w Rg1e Me1n
13b hb6s rb8s rb7s ra8s
14w Dg4w Rh1w Rg1e Rg3n
14b ec2e ed2n Me2w da5s
15w


1w Ra1 Rb1 Rc1 Rd1 Re1 Rf1 Rg1 Rh1 Ha2 Db2 Cc2 Md2 Ee2 Cf2 Dg2 Hh2
1b ra8 rb8 rc8 rd8 re8 rf8 rg8 rh8 cc7 cf7 da7 dh7 hb7 hg7 me7 ed7
2w Ee2n Re1n Ee3n Re2n
2b ed7s hb7s ed6s hg7s
3w Dg2n Rg1n Rh1w Rf1w
3b ed5s ed4s da7s dh7w
4w Rg1e Rh1w Rg1e Re1e
4b Md2e ed3s Cc2n ed2w
5w Rd1e Rh1w Rg1e Rf1e
5b Db2n ec2w Db3e eb2n
6w Rg1w Rh1w Rg1e Re1w
6b eb3s eb2e Rb1n rd8s
7w Hh2n Rh1w Rg1e Rh1n
7b ec2e Rc1n Rc2n ed2w
8w Rd1w Rf1e Rg1e Ra1e
8b Rb2n ec2w Rb3e eb2n
9w Rh1w Rg1e Rh1w Ha2s
9b eb3s eb2e Rb1n da6s
10w Rg1w Rf1e Rg1e Ha1e
10b ec2e Rb2e Rc2n ed2w
11w Dg3n Rh1w Rg1e Rg2n
11b ec2w Rc1n Rc2n eb2e
12w Me2s Cf2e Hb1e Me1w
12b ec2e Hc1n Hc2n ed2w
13w Md1e Rh1w Rg1e Me1n
13b hb6s rb8s rb7s ra8s
14w Dg4w Rh1w Rg1e Rg3n
14b ec2e ed2n Me2w da5s
15w Cg2w Rh1w Rg1e Cf2w
15b ed3n Re3w Rd3w ed4s
16w


1w Ra1 Rb1 Rc1 Rd1 Re1 Rf1 Rg1 Rh1 Ha2 Db2 Cc2 Md2 Ee2 Cf2 Dg2 Hh2
1b ra8 rb8 rc8 rd8 re8 rf8 rg8 rh8 cc7 cf7 da7 dh7 hb7 hg7 me7 ed7
2w Ee2n Re1n Ee3n Re2n
2b ed7s hb7s ed6s hg7s
3w Dg2n Rg1n Rh1w Rf1w
3b ed5s ed4s da7s dh7w
4w Rg1e Rh1w Rg1e Re1e
4b Md2e ed3s Cc2n ed2w
5w Rd1e Rh1w Rg1e Rf1e
5b Db2n ec2w Db3e eb2n
6w Rg1w Rh1w Rg1e Re1w
6b eb3s eb2e Rb1n rd8s
7w Hh2n Rh1w Rg1e Rh1n
7b ec2e Rc1n Rc2n ed2w
8w Rd1w Rf1e Rg1e Ra1e
8b Rb2n ec2w Rb3e eb2n
9w Rh1w Rg1e Rh1w Ha2s
9b eb3s eb2e Rb1n da6s
10w Rg1w Rf1e Rg1e Ha1e
10b ec2e Rb2e Rc2n ed2w
11w Dg3n Rh1w Rg1e Rg2n
11b ec2w Rc1n Rc2n eb2e
12w Me2s Cf2e Hb1e Me1w
12b ec2e Hc1n Hc2n ed2w
13w Md1e Rh1w Rg1e Me1n
13b hb6s rb8s rb7s ra8s
14w Dg4w Rh1w Rg1e Rg3n
14b ec2e ed2n Me2w da5s
15w Cg2w Rh1w Rg1e Cf2w
15b ed3n Re3w Rd3w ed4s
16w Rh2w Rh1w Rg1e Rh1n
16b ed3e Md2n Md3w ee3w
17w


1w Ra1 Rb1 Rc1 Rd1 Re1 Rf1 Rg1 Rh1 Ha2 Db2 Cc2 Md2 Ee2 Cf2 Dg2 Hh2
1b ra8 rb8 rc8 rd8 re8 rf8 rg8 rh8 cc7 cf7 da7 dh7 hb7 hg7 me7 ed7
2w Ee2n Re1n Ee3n Re2n
2b ed7s hb7s ed6s hg7s
3w Dg2n Rg1n Rh1w Rf1w
3b ed5s ed4s da7s dh7w
4w Rg1e Rh1w Rg1e Re1e
4b Md2e ed3s Cc2n ed2w
5w Rd1e Rh1w Rg1e Rf1e
5b Db2n ec2w Db3e eb2n
6w Rg1w Rh1w Rg1e Re1w
6b eb3s eb2e Rb1n rd8s
7w Hh2n Rh1w Rg1e Rh1n
7b ec2e Rc1n Rc2n ed2w
8w Rd1w Rf1e Rg1e Ra1e
8b Rb2n ec2w Rb3e eb2n
9w Rh1w Rg1e Rh1w Ha2s
9b eb3s eb2e Rb1n da6s
10w Rg1w Rf1e Rg1e Ha1e
10b ec2e Rb2e Rc2n ed2w
11w Dg3n Rh1w Rg1e Rg2n
11b ec2w Rc1n Rc2n eb2e
12w Me2s Cf2e Hb1e Me1w
12b ec2e Hc1n Hc2n ed2w
13w Md1e Rh1w Rg1e Me1n
13b hb6s rb8s rb7s ra8s
14w Dg4w Rh1w Rg1e Rg3n
14b ec2e ed2n Me2w da5s
15w Cg2w Rh1w Rg1e Cf2w
15b ed3n Re3w Rd3w ed4s
16w Rh2w Rh1w Rg1e Rh1n
16b ed3e Md2n Md3w ee3w
17w Rg2n Rh2w Rg2e Ce2n
17b ra7s ra6s da4e ra5s
18w
